Archive member included to satisfy reference by file (symbol)

/usr/lib/gcc/arm-none-eabi/8.3.1/thumb/v6-m/nofp/libgcc.a(_dvmd_tls.o)
                              CMakeFiles/study_gpio.dir/home/mtkw/pico/pico-sdk/src/rp2_common/pico_divider/divider.S.obj (__aeabi_idiv0)
/usr/lib/gcc/arm-none-eabi/8.3.1/../../../arm-none-eabi/lib/thumb/v6-m/nofp/libg.a(lib_a-atexit.o)
                              /usr/lib/gcc/arm-none-eabi/8.3.1/../../../arm-none-eabi/lib/thumb/v6-m/nofp/crt0.o (atexit)
/usr/lib/gcc/arm-none-eabi/8.3.1/../../../arm-none-eabi/lib/thumb/v6-m/nofp/libg.a(lib_a-calloc.o)
                              CMakeFiles/study_gpio.dir/home/mtkw/pico/pico-sdk/src/rp2_common/pico_malloc/pico_malloc.c.obj (calloc)
/usr/lib/gcc/arm-none-eabi/8.3.1/../../../arm-none-eabi/lib/thumb/v6-m/nofp/libg.a(lib_a-callocr.o)
                              /usr/lib/gcc/arm-none-eabi/8.3.1/../../../arm-none-eabi/lib/thumb/v6-m/nofp/libg.a(lib_a-calloc.o) (_calloc_r)
/usr/lib/gcc/arm-none-eabi/8.3.1/../../../arm-none-eabi/lib/thumb/v6-m/nofp/libg.a(lib_a-fini.o)
                              /usr/lib/gcc/arm-none-eabi/8.3.1/../../../arm-none-eabi/lib/thumb/v6-m/nofp/crt0.o (__libc_fini_array)
/usr/lib/gcc/arm-none-eabi/8.3.1/../../../arm-none-eabi/lib/thumb/v6-m/nofp/libg.a(lib_a-impure.o)
                              /usr/lib/gcc/arm-none-eabi/8.3.1/../../../arm-none-eabi/lib/thumb/v6-m/nofp/libg.a(lib_a-calloc.o) (_impure_ptr)
/usr/lib/gcc/arm-none-eabi/8.3.1/../../../arm-none-eabi/lib/thumb/v6-m/nofp/libg.a(lib_a-init.o)
                              /usr/lib/gcc/arm-none-eabi/8.3.1/../../../arm-none-eabi/lib/thumb/v6-m/nofp/crt0.o (__libc_init_array)
/usr/lib/gcc/arm-none-eabi/8.3.1/../../../arm-none-eabi/lib/thumb/v6-m/nofp/libg.a(lib_a-malloc.o)
                              CMakeFiles/study_gpio.dir/home/mtkw/pico/pico-sdk/src/rp2_common/pico_malloc/pico_malloc.c.obj (malloc)
/usr/lib/gcc/arm-none-eabi/8.3.1/../../../arm-none-eabi/lib/thumb/v6-m/nofp/libg.a(lib_a-mallocr.o)
                              /usr/lib/gcc/arm-none-eabi/8.3.1/../../../arm-none-eabi/lib/thumb/v6-m/nofp/libg.a(lib_a-callocr.o) (_malloc_r)
/usr/lib/gcc/arm-none-eabi/8.3.1/../../../arm-none-eabi/lib/thumb/v6-m/nofp/libg.a(lib_a-mlock.o)
                              /usr/lib/gcc/arm-none-eabi/8.3.1/../../../arm-none-eabi/lib/thumb/v6-m/nofp/libg.a(lib_a-mallocr.o) (__malloc_lock)
/usr/lib/gcc/arm-none-eabi/8.3.1/../../../arm-none-eabi/lib/thumb/v6-m/nofp/libg.a(lib_a-realloc.o)
                              CMakeFiles/study_gpio.dir/home/mtkw/pico/pico-sdk/src/rp2_common/pico_malloc/pico_malloc.c.obj (realloc)
/usr/lib/gcc/arm-none-eabi/8.3.1/../../../arm-none-eabi/lib/thumb/v6-m/nofp/libg.a(lib_a-reallocr.o)
                              /usr/lib/gcc/arm-none-eabi/8.3.1/../../../arm-none-eabi/lib/thumb/v6-m/nofp/libg.a(lib_a-realloc.o) (_realloc_r)
/usr/lib/gcc/arm-none-eabi/8.3.1/../../../arm-none-eabi/lib/thumb/v6-m/nofp/libg.a(lib_a-sbrkr.o)
                              /usr/lib/gcc/arm-none-eabi/8.3.1/../../../arm-none-eabi/lib/thumb/v6-m/nofp/libg.a(lib_a-mallocr.o) (_sbrk_r)
/usr/lib/gcc/arm-none-eabi/8.3.1/../../../arm-none-eabi/lib/thumb/v6-m/nofp/libg.a(lib_a-strlen-stub.o)
                              CMakeFiles/study_gpio.dir/home/mtkw/pico/pico-sdk/src/rp2_common/pico_stdio/stdio.c.obj (strlen)
/usr/lib/gcc/arm-none-eabi/8.3.1/../../../arm-none-eabi/lib/thumb/v6-m/nofp/libg.a(lib_a-__atexit.o)
                              /usr/lib/gcc/arm-none-eabi/8.3.1/../../../arm-none-eabi/lib/thumb/v6-m/nofp/libg.a(lib_a-atexit.o) (__register_exitproc)
/usr/lib/gcc/arm-none-eabi/8.3.1/../../../arm-none-eabi/lib/thumb/v6-m/nofp/libg.a(lib_a-freer.o)
                              /usr/lib/gcc/arm-none-eabi/8.3.1/../../../arm-none-eabi/lib/thumb/v6-m/nofp/libg.a(lib_a-malloc.o) (_free_r)
/usr/lib/gcc/arm-none-eabi/8.3.1/../../../arm-none-eabi/lib/thumb/v6-m/nofp/libg.a(lib_a-memmove.o)
                              /usr/lib/gcc/arm-none-eabi/8.3.1/../../../arm-none-eabi/lib/thumb/v6-m/nofp/libg.a(lib_a-reallocr.o) (memmove)
/usr/lib/gcc/arm-none-eabi/8.3.1/../../../arm-none-eabi/lib/thumb/v6-m/nofp/libg.a(lib_a-reent.o)
                              /usr/lib/gcc/arm-none-eabi/8.3.1/../../../arm-none-eabi/lib/thumb/v6-m/nofp/libg.a(lib_a-sbrkr.o) (errno)

Allocating common symbols
Common symbol       size              file

sf_table            0x100             CMakeFiles/study_gpio.dir/home/mtkw/pico/pico-sdk/src/rp2_common/pico_float/float_init_rom.c.obj
errno               0x4               /usr/lib/gcc/arm-none-eabi/8.3.1/../../../arm-none-eabi/lib/thumb/v6-m/nofp/libg.a(lib_a-reent.o)
_usbd_qdef_buf      0xc0              CMakeFiles/study_gpio.dir/home/mtkw/pico/pico-sdk/lib/tinyusb/src/device/usbd.c.obj
sd_table            0x100             CMakeFiles/study_gpio.dir/home/mtkw/pico/pico-sdk/src/rp2_common/pico_double/double_init_rom.c.obj
uart_char_to_line_feed
[...]
Memory Configuration

Name             Origin             Length             Attributes
FLASH            0x10000000         0x00200000         xr
RAM              0x20000000         0x00040000         xrw
SCRATCH_X        0x20040000         0x00001000         xrw
SCRATCH_Y        0x20041000         0x00001000         xrw
*default*        0x00000000         0xffffffff

Linker script and memory map

LOAD /usr/lib/gcc/arm-none-eabi/8.3.1/thumb/v6-m/nofp/crti.o
LOAD /usr/lib/gcc/arm-none-eabi/8.3.1/thumb/v6-m/nofp/crtbegin.o
LOAD /usr/lib/gcc/arm-none-eabi/8.3.1/../../../arm-none-eabi/lib/thumb/v6-m/nofp/crt0.o

.flash_begin    0x10000000        0x0
                0x10000000                __flash_binary_start = .

.boot2          0x10000000      0x100
                0x10000000                __boot2_start__ = .
 *(.boot2)
 .boot2         0x10000000      0x100 /tmp/ccbjOyZF.o
                0x10000100                __boot2_end__ = .
                0x00000001                ASSERT (((__boot2_end__ - __boot2_start__) == 0x100), ERROR: Pico second stage bootloader must be 256 bytes in size)

.text           0x10000100     0x6b70
                0x10000100                __logical_binary_start = .
 *(.vectors)
 .vectors       0x10000100       0xd4 CMakeFiles/study_gpio.dir/home/mtkw/pico/pico-sdk/src/rp2_common/pico_standard_link/crt0.S.obj
                0x10000100                __vectors
                0x10000100                __VECTOR_TABLE
                0x100001c0                isr_invalid
                0x100001c0                __default_isrs_start
                0x100001c2                isr_nmi
                0x100001c4                isr_hardfault
                0x100001c6                isr_svcall
                0x100001c8                isr_pendsv
                0x100001ca                isr_systick
                0x100001cc                isr_irq30
                0x100001cc                __unhandled_user_irq
                0x100001cc                isr_irq13
                0x100001cc                isr_irq27
                0x100001cc                isr_irq31
                0x100001cc                isr_irq5
                0x100001cc                isr_irq11
                0x100001cc                isr_irq23
                0x100001cc                isr_irq18
                0x100001cc                isr_irq28
                0x100001cc                isr_irq19
                0x100001cc                isr_irq0
                0x100001cc                isr_irq6
                0x100001cc                isr_irq22
                0x100001cc                isr_irq17
                0x100001cc                isr_irq14
                0x100001cc                isr_irq2
                0x100001cc                isr_irq10
                0x100001cc                isr_irq8
                0x100001cc                isr_irq24
                0x100001cc                isr_irq1
                0x100001cc                isr_irq7
                0x100001cc                isr_irq21
                0x100001cc                isr_irq20
                0x100001cc                isr_irq15
                0x100001cc                isr_irq25
                0x100001cc                isr_irq4
                0x100001cc                isr_irq16
                0x100001cc                isr_irq29
                0x100001cc                isr_irq26
                0x100001cc                __default_isrs_end
                0x100001cc                isr_irq3
                0x100001cc                isr_irq12
                0x100001cc                isr_irq9
                0x100001d2                unhandled_user_irq_num_in_r0
 *(.binary_info_header)
 .binary_info_header
                0x100001d4       0x14 CMakeFiles/study_gpio.dir/home/mtkw/pico/pico-sdk/src/rp2_common/pico_standard_link/crt0.S.obj
                0x100001e8                __binary_info_header_end = .
 *(.reset)
 .reset         0x100001e8       0xa0 CMakeFiles/study_gpio.dir/home/mtkw/pico/pico-sdk/src/rp2_common/pico_standard_link/crt0.S.obj
                0x100001e8                _entry_point
 .reset         0x10000288       0x30 CMakeFiles/study_gpio.dir/home/mtkw/pico/pico-sdk/src/rp2_common/pico_standard_link/binary_info.c.obj
 *(.init)
 .init          0x100002b8        0x4 /usr/lib/gcc/arm-none-eabi/8.3.1/thumb/v6-m/nofp/crti.o
                0x100002b8                _init
 *(EXCLUDE_FILE(*libm.a: *libc.a:*lib_a-mem*.o *libgcc.a:) .text*)
 .text          0x100002bc       0x98 /usr/lib/gcc/arm-none-eabi/8.3.1/thumb/v6-m/nofp/crtbegin.o
 .text.main     0x10000354       0xe8 CMakeFiles/study_gpio.dir/study_gpio.c.obj
                0x10000354                main
 .text.gpio_set_function
                0x1000043c       0x30 CMakeFiles/study_gpio.dir/home/mtkw/pico/pico-sdk/src/rp2_common/hardware_gpio/gpio.c.obj
                0x1000043c                gpio_set_function
 .text.gpio_set_pulls
                0x1000046c       0x34 CMakeFiles/study_gpio.dir/home/mtkw/pico/pico-sdk/src/rp2_common/hardware_gpio/gpio.c.obj
                0x1000046c                gpio_set_pulls
 .text.gpio_init
                0x100004a0       0x16 CMakeFiles/study_gpio.dir/home/mtkw/pico/pico-sdk/src/rp2_common/hardware_gpio/gpio.c.obj
                0x100004a0                gpio_init
 *fill*         0x100004b6        0x2 
 .text.running_on_fpga
                0x100004b8       0x14 CMakeFiles/study_gpio.dir/home/mtkw/pico/pico-sdk/src/rp2_common/pico_platform/platform.c.obj
                0x100004b8                running_on_fpga
 .text.hw_claim_lock
                0x100004cc       0x18 CMakeFiles/study_gpio.dir/home/mtkw/pico/pico-sdk/src/rp2_common/hardware_claim/claim.c.obj
                0x100004cc                hw_claim_lock
 .text.hw_claim_unlock
                0x100004e4       0x14 CMakeFiles/study_gpio.dir/home/mtkw/pico/pico-sdk/src/rp2_common/hardware_claim/claim.c.obj
                0x100004e4                hw_claim_unlock
 .text.hw_claim_or_assert
                0x100004f8       0x32 CMakeFiles/study_gpio.dir/home/mtkw/pico/pico-sdk/src/rp2_common/hardware_claim/claim.c.obj
                0x100004f8                hw_claim_or_assert
 .text.hw_claim_unused_from_range
                0x1000052a       0x50 CMakeFiles/study_gpio.dir/home/mtkw/pico/pico-sdk/src/rp2_common/hardware_claim/claim.c.obj
                0x1000052a                hw_claim_unused_from_range
 *fill*         0x1000057a        0x2 
 .text.spin_locks_reset
                0x1000057c       0x20 CMakeFiles/study_gpio.dir/home/mtkw/pico/pico-sdk/src/rp2_common/hardware_sync/sync.c.obj
                0x1000057c                spin_locks_reset
 .text.next_striped_spin_lock_num
                0x1000059c       0x1c CMakeFiles/study_gpio.dir/home/mtkw/pico/pico-sdk/src/rp2_common/hardware_sync/sync.c.obj
                0x1000059c                next_striped_spin_lock_num
 .text.spin_lock_claim_unused
                0x100005b8       0x20 CMakeFiles/study_gpio.dir/home/mtkw/pico/pico-sdk/src/rp2_common/hardware_sync/sync.c.obj
                0x100005b8                spin_lock_claim_unused
 .text.set_raw_irq_handler_and_unlock
                0x100005d8       0x28 CMakeFiles/study_gpio.dir/home/mtkw/pico/pico-sdk/src/rp2_common/hardware_irq/irq.c.obj
 .text.make_branch
                0x10000600       0x48 CMakeFiles/study_gpio.dir/home/mtkw/pico/pico-sdk/src/rp2_common/hardware_irq/irq.c.obj
 .text.insert_branch_and_link
                0x10000648       0x40 CMakeFiles/study_gpio.dir/home/mtkw/pico/pico-sdk/src/rp2_common/hardware_irq/irq.c.obj
 .text.irq_is_enabled
                0x10000688       0x18 CMakeFiles/study_gpio.dir/home/mtkw/pico/pico-sdk/src/rp2_common/hardware_irq/irq.c.obj
                0x10000688                irq_is_enabled
 .text.irq_set_mask_enabled
                0x100006a0       0x20 CMakeFiles/study_gpio.dir/home/mtkw/pico/pico-sdk/src/rp2_common/hardware_irq/irq.c.obj
                0x100006a0                irq_set_mask_enabled
 .text.irq_set_enabled
                0x100006c0        0xe CMakeFiles/study_gpio.dir/home/mtkw/pico/pico-sdk/src/rp2_common/hardware_irq/irq.c.obj
                0x100006c0                irq_set_enabled
 *fill*         0x100006ce        0x2 
 .text.irq_set_pending
                0x100006d0       0x10 CMakeFiles/study_gpio.dir/home/mtkw/pico/pico-sdk/src/rp2_common/hardware_irq/irq.c.obj
                0x100006d0                irq_set_pending
 .text.irq_get_vtable_handler
                0x100006e0       0x10 CMakeFiles/study_gpio.dir/home/mtkw/pico/pico-sdk/src/rp2_common/hardware_irq/irq.c.obj
                0x100006e0                irq_get_vtable_handler
 .text.irq_has_shared_handler
                0x100006f0       0x24 CMakeFiles/study_gpio.dir/home/mtkw/pico/pico-sdk/src/rp2_common/hardware_irq/irq.c.obj
                0x100006f0                irq_has_shared_handler
 .text.irq_set_exclusive_handler
                0x10000714       0x54 CMakeFiles/study_gpio.dir/home/mtkw/pico/pico-sdk/src/rp2_common/hardware_irq/irq.c.obj
                0x10000714                irq_set_exclusive_handler
 .text.irq_add_shared_handler
                0x10000768      0x228 CMakeFiles/study_gpio.dir/home/mtkw/pico/pico-sdk/src/rp2_common/hardware_irq/irq.c.obj
                0x10000768                irq_add_shared_handler
 .text.irq_remove_handler
                0x10000990      0x1a4 CMakeFiles/study_gpio.dir/home/mtkw/pico/pico-sdk/src/rp2_common/hardware_irq/irq.c.obj
                0x10000990                irq_remove_handler
 .text.irq_add_tail_to_free_list
                0x10000b34       0xf0 CMakeFiles/study_gpio.dir/home/mtkw/pico/pico-sdk/src/rp2_common/hardware_irq/irq.c.obj
                0x10000b34                irq_add_tail_to_free_list
 .text.irq_init_priorities
                0x10000c24       0x1c CMakeFiles/study_gpio.dir/home/mtkw/pico/pico-sdk/src/rp2_common/hardware_irq/irq.c.obj
                0x10000c24                irq_init_priorities
 .text.user_irq_claim_unused
                0x10000c40       0x28 CMakeFiles/study_gpio.dir/home/mtkw/pico/pico-sdk/src/rp2_common/hardware_irq/irq.c.obj
                0x10000c40                user_irq_claim_unused
 .text.lock_init
                0x10000c68       0x10 CMakeFiles/study_gpio.dir/home/mtkw/pico/pico-sdk/src/common/pico_sync/lock_core.c.obj
                0x10000c68                lock_init
 .text.mutex_init
                0x10000c78       0x1a CMakeFiles/study_gpio.dir/home/mtkw/pico/pico-sdk/src/common/pico_sync/mutex.c.obj
                0x10000c78                mutex_init
 .text.recursive_mutex_init
                0x10000c92       0x1e CMakeFiles/study_gpio.dir/home/mtkw/pico/pico-sdk/src/common/pico_sync/mutex.c.obj
                0x10000c92                recursive_mutex_init
 .text.critical_section_init_with_lock_num
                0x10000cb0       0x14 CMakeFiles/study_gpio.dir/home/mtkw/pico/pico-sdk/src/common/pico_sync/critical_section.c.obj
                0x10000cb0                critical_section_init_with_lock_num
 .text.critical_section_init
                0x10000cc4       0x14 CMakeFiles/study_gpio.dir/home/mtkw/pico/pico-sdk/src/common/pico_sync/critical_section.c.obj
                0x10000cc4                critical_section_init
 .text.sleep_until_callback
                0x10000cd8       0x30 CMakeFiles/study_gpio.dir/home/mtkw/pico/pico-sdk/src/common/pico_time/time.c.obj
 .text.alarm_pool_post_alloc_init
                0x10000d08       0x40 CMakeFiles/study_gpio.dir/home/mtkw/pico/pico-sdk/src/common/pico_time/time.c.obj
 .text.timer_pool_entry_comparator
                0x10000d48       0x7c CMakeFiles/study_gpio.dir/home/mtkw/pico/pico-sdk/src/common/pico_time/time.c.obj
                0x10000d48                timer_pool_entry_comparator
 .text.ph_add_child_node
                0x10000dc4       0xa4 CMakeFiles/study_gpio.dir/home/mtkw/pico/pico-sdk/src/common/pico_time/time.c.obj
 .text.ph_merge_nodes
                0x10000e68       0x3e CMakeFiles/study_gpio.dir/home/mtkw/pico/pico-sdk/src/common/pico_time/time.c.obj
 *fill*         0x10000ea6        0x2 
 .text.add_alarm_under_lock
                0x10000ea8      0x180 CMakeFiles/study_gpio.dir/home/mtkw/pico/pico-sdk/src/common/pico_time/time.c.obj
 .text.alarm_pool_alarm_callback
                0x10001028      0x33c CMakeFiles/study_gpio.dir/home/mtkw/pico/pico-sdk/src/common/pico_time/time.c.obj
 .text.alarm_pool_init_default
                0x10001364       0x40 CMakeFiles/study_gpio.dir/home/mtkw/pico/pico-sdk/src/common/pico_time/time.c.obj
                0x10001364                alarm_pool_init_default
 .text.alarm_pool_get_default
                0x100013a4       0x2c CMakeFiles/study_gpio.dir/home/mtkw/pico/pico-sdk/src/common/pico_time/time.c.obj
                0x100013a4                alarm_pool_get_default
 .text.alarm_pool_add_alarm_at
                0x100013d0      0x14c CMakeFiles/study_gpio.dir/home/mtkw/pico/pico-sdk/src/common/pico_time/time.c.obj
                0x100013d0                alarm_pool_add_alarm_at
 .text.alarm_pool_cancel_alarm
                0x1000151c       0xf4 CMakeFiles/study_gpio.dir/home/mtkw/pico/pico-sdk/src/common/pico_time/time.c.obj
                0x1000151c                alarm_pool_cancel_alarm
 .text.alarm_pool_core_num
                0x10001610        0x4 CMakeFiles/study_gpio.dir/home/mtkw/pico/pico-sdk/src/common/pico_time/time.c.obj
                0x10001610                alarm_pool_core_num
 .text.best_effort_wfe_or_timeout
                0x10001614       0xac CMakeFiles/study_gpio.dir/home/mtkw/pico/pico-sdk/src/common/pico_time/time.c.obj
                0x10001614                best_effort_wfe_or_timeout
 .text.hardware_alarm_irq_handler
                0x100016c0       0x90 CMakeFiles/study_gpio.dir/home/mtkw/pico/pico-sdk/src/rp2_common/hardware_timer/timer.c.obj
 .text.hardware_alarm_claim
                0x10001750       0x18 CMakeFiles/study_gpio.dir/home/mtkw/pico/pico-sdk/src/rp2_common/hardware_timer/timer.c.obj
                0x10001750                hardware_alarm_claim
 .text.time_us_64
                0x10001768       0x18 CMakeFiles/study_gpio.dir/home/mtkw/pico/pico-sdk/src/rp2_common/hardware_timer/timer.c.obj
                0x10001768                time_us_64
 .text.hardware_alarm_set_callback
                0x10001780       0x90 CMakeFiles/study_gpio.dir/home/mtkw/pico/pico-sdk/src/rp2_common/hardware_timer/timer.c.obj
                0x10001780                hardware_alarm_set_callback
 .text.hardware_alarm_set_target
                0x10001810       0xe8 CMakeFiles/study_gpio.dir/home/mtkw/pico/pico-sdk/src/rp2_common/hardware_timer/timer.c.obj
                0x10001810                hardware_alarm_set_target
 .text.hardware_alarm_cancel
                0x100018f8       0x40 CMakeFiles/study_gpio.dir/home/mtkw/pico/pico-sdk/src/rp2_common/hardware_timer/timer.c.obj
                0x100018f8                hardware_alarm_cancel
 .text.ph_add_child_node
                0x10001938       0xa4 CMakeFiles/study_gpio.dir/home/mtkw/pico/pico-sdk/src/common/pico_util/pheap.c.obj
 .text.ph_merge_nodes
                0x100019dc       0x3e CMakeFiles/study_gpio.dir/home/mtkw/pico/pico-sdk/src/common/pico_util/pheap.c.obj
 *fill*         0x10001a1a        0x2 
 .text.ph_clear
                0x10001a1c       0x70 CMakeFiles/study_gpio.dir/home/mtkw/pico/pico-sdk/src/common/pico_util/pheap.c.obj
                0x10001a1c                ph_clear
 .text.ph_post_alloc_init
                0x10001a8c        0xe CMakeFiles/study_gpio.dir/home/mtkw/pico/pico-sdk/src/common/pico_util/pheap.c.obj
                0x10001a8c                ph_post_alloc_init
 *fill*         0x10001a9a        0x2 
 .text.ph_merge_two_pass
                0x10001a9c       0xac CMakeFiles/study_gpio.dir/home/mtkw/pico/pico-sdk/src/common/pico_util/pheap.c.obj
                0x10001a9c                ph_merge_two_pass
 .text.ph_remove_any_head
                0x10001b48      0x128 CMakeFiles/study_gpio.dir/home/mtkw/pico/pico-sdk/src/common/pico_util/pheap.c.obj
 .text.ph_remove_head
                0x10001c70       0x14 CMakeFiles/study_gpio.dir/home/mtkw/pico/pico-sdk/src/common/pico_util/pheap.c.obj
                0x10001c70                ph_remove_head
 .text.ph_remove_and_free_node
                0x10001c84       0xf8 CMakeFiles/study_gpio.dir/home/mtkw/pico/pico-sdk/src/common/pico_util/pheap.c.obj
                0x10001c84                ph_remove_and_free_node
 .text.clock_configure
                0x10001d7c      0x100 CMakeFiles/study_gpio.dir/home/mtkw/pico/pico-sdk/src/rp2_common/hardware_clocks/clocks.c.obj
                0x10001d7c                clock_configure
 .text.clocks_init
                0x10001e7c      0x100 CMakeFiles/study_gpio.dir/home/mtkw/pico/pico-sdk/src/rp2_common/hardware_clocks/clocks.c.obj
                0x10001e7c                clocks_init
 .text.pll_init
                0x10001f7c      0x120 CMakeFiles/study_gpio.dir/home/mtkw/pico/pico-sdk/src/rp2_common/hardware_pll/pll.c.obj
                0x10001f7c                pll_init
 .text.watchdog_start_tick
                0x1000209c       0x10 CMakeFiles/study_gpio.dir/home/mtkw/pico/pico-sdk/src/rp2_common/hardware_watchdog/watchdog.c.obj
                0x1000209c                watchdog_start_tick
 .text.watchdog_update
                0x100020ac       0x14 CMakeFiles/study_gpio.dir/home/mtkw/pico/pico-sdk/src/rp2_common/hardware_watchdog/watchdog.c.obj
                0x100020ac                watchdog_update
 .text._watchdog_enable
                0x100020c0       0x74 CMakeFiles/study_gpio.dir/home/mtkw/pico/pico-sdk/src/rp2_common/hardware_watchdog/watchdog.c.obj
                0x100020c0                _watchdog_enable
 .text.watchdog_reboot
                0x10002134       0x44 CMakeFiles/study_gpio.dir/home/mtkw/pico/pico-sdk/src/rp2_common/hardware_watchdog/watchdog.c.obj
                0x10002134                watchdog_reboot
 .text.xosc_init
                0x10002178       0x28 CMakeFiles/study_gpio.dir/home/mtkw/pico/pico-sdk/src/rp2_common/hardware_xosc/xosc.c.obj
                0x10002178                xosc_init
 .text._exit    0x100021a0        0x4 CMakeFiles/study_gpio.dir/home/mtkw/pico/pico-sdk/src/rp2_common/pico_runtime/runtime.c.obj
                0x100021a0                _exit
 .text.exit     0x100021a4        0x6 CMakeFiles/study_gpio.dir/home/mtkw/pico/pico-sdk/src/rp2_common/pico_runtime/runtime.c.obj
                0x100021a4                exit
 *fill*         0x100021aa        0x2 
 .text.__assert_func
                0x100021ac       0x3c CMakeFiles/study_gpio.dir/home/mtkw/pico/pico-sdk/src/rp2_common/pico_runtime/runtime.c.obj
                0x100021ac                __assert_func
 .text.runtime_init
                0x100021e8       0xf8 CMakeFiles/study_gpio.dir/home/mtkw/pico/pico-sdk/src/rp2_common/pico_runtime/runtime.c.obj
                0x100021e8                runtime_init
 .text.panic    0x100022e0       0x30 CMakeFiles/study_gpio.dir/home/mtkw/pico/pico-sdk/src/rp2_common/pico_runtime/runtime.c.obj
                0x100022e0                panic
 .text._out_null
                0x10002310        0x2 CMakeFiles/study_gpio.dir/home/mtkw/pico/pico-sdk/src/rp2_common/pico_printf/printf.c.obj
 .text._out_fct
                0x10002312        0xe CMakeFiles/study_gpio.dir/home/mtkw/pico/pico-sdk/src/rp2_common/pico_printf/printf.c.obj
 .text._atoi    0x10002320       0x28 CMakeFiles/study_gpio.dir/home/mtkw/pico/pico-sdk/src/rp2_common/pico_printf/printf.c.obj
 .text._out_rev
                0x10002348       0x8c CMakeFiles/study_gpio.dir/home/mtkw/pico/pico-sdk/src/rp2_common/pico_printf/printf.c.obj
 .text._ntoa_format
                0x100023d4      0x10c CMakeFiles/study_gpio.dir/home/mtkw/pico/pico-sdk/src/rp2_common/pico_printf/printf.c.obj
 .text._ntoa_long
                0x100024e0       0xb0 CMakeFiles/study_gpio.dir/home/mtkw/pico/pico-sdk/src/rp2_common/pico_printf/printf.c.obj
 .text._ntoa_long_long
                0x10002590       0xe6 CMakeFiles/study_gpio.dir/home/mtkw/pico/pico-sdk/src/rp2_common/pico_printf/printf.c.obj
 *fill*         0x10002676        0x2 
 .text._etoa    0x10002678      0x408 CMakeFiles/study_gpio.dir/home/mtkw/pico/pico-sdk/src/rp2_common/pico_printf/printf.c.obj
 .text._ftoa    0x10002a80      0x344 CMakeFiles/study_gpio.dir/home/mtkw/pico/pico-sdk/src/rp2_common/pico_printf/printf.c.obj
 .text._vsnprintf
                0x10002dc4      0x61c CMakeFiles/study_gpio.dir/home/mtkw/pico/pico-sdk/src/rp2_common/pico_printf/printf.c.obj
 .text.vfctprintf
                0x100033e0       0x20 CMakeFiles/study_gpio.dir/home/mtkw/pico/pico-sdk/src/rp2_common/pico_printf/printf.c.obj
                0x100033e0                vfctprintf
 .text          0x10003400       0x10 CMakeFiles/study_gpio.dir/home/mtkw/pico/pico-sdk/src/rp2_common/pico_bit_ops/bit_ops_aeabi.S.obj
 .text.rom_func_lookup
                0x10003410       0x10 CMakeFiles/study_gpio.dir/home/mtkw/pico/pico-sdk/src/rp2_common/pico_bootrom/bootrom.c.obj
                0x10003410                rom_func_lookup
 .text.rom_data_lookup
                0x10003420       0x10 CMakeFiles/study_gpio.dir/home/mtkw/pico/pico-sdk/src/rp2_common/pico_bootrom/bootrom.c.obj
                0x10003420                rom_data_lookup
 .text.rom_funcs_lookup
                0x10003430       0x36 CMakeFiles/study_gpio.dir/home/mtkw/pico/pico-sdk/src/rp2_common/pico_bootrom/bootrom.c.obj
                0x10003430                rom_funcs_lookup
 *fill*         0x10003466        0x2 
 .text.__wrap___aeabi_idiv
                0x10003468       0x50 CMakeFiles/study_gpio.dir/home/mtkw/pico/pico-sdk/src/rp2_common/pico_divider/divider.S.obj
                0x10003468                __wrap___aeabi_idivmod
                0x10003468                divmod_s32s32
                0x10003468                div_s32s32
                0x10003468                __wrap___aeabi_idiv
                0x10003470                divmod_s32s32_unsafe
                0x1000349c                divmod_s32s32_savestate
 .text.__wrap___aeabi_uidiv
                0x100034b8       0x4c CMakeFiles/study_gpio.dir/home/mtkw/pico/pico-sdk/src/rp2_common/pico_divider/divider.S.obj
                0x100034b8                __wrap___aeabi_uidiv
                0x100034b8                __wrap___aeabi_uidivmod
                0x100034b8                div_u32u32
                0x100034b8                divmod_u32u32
                0x100034c0                divmod_u32u32_unsafe
                0x100034e8                divmod_u32u32_savestate
 .text.__wrap___aeabi_ldiv
                0x10003504      0x424 CMakeFiles/study_gpio.dir/home/mtkw/pico/pico-sdk/src/rp2_common/pico_divider/divider.S.obj
                0x10003504                div_s64s64
                0x10003504                divmod_s64s64
                0x10003504                __wrap___aeabi_ldivmod
                0x10003534                div_u64u64
                0x10003534                divmod_u64u64
                0x10003534                __wrap___aeabi_uldivmod
                0x10003544                divmod_u64u64_savestate
                0x10003564                divmod_s64s64_unsafe
                0x100035ec                divmod_u64u64_unsafe
 .text.__wrap___aeabi_darithmetic
                0x10003928       0x80 CMakeFiles/study_gpio.dir/home/mtkw/pico/pico-sdk/src/rp2_common/pico_double/double_aeabi.S.obj
                0x10003928                __wrap___aeabi_drsub
                0x1000392e                __wrap___aeabi_dsub
                0x10003940                __wrap___aeabi_dadd
                0x10003952                __wrap___aeabi_ddiv
                0x1000398e                __wrap___aeabi_dmul
 .text.__wrap___aeabi_cdcmple
                0x100039a8       0x6c CMakeFiles/study_gpio.dir/home/mtkw/pico/pico-sdk/src/rp2_common/pico_double/double_aeabi.S.obj
                0x100039a8                __wrap___aeabi_cdrcmple
                0x100039b8                __wrap___aeabi_cdcmple
                0x100039b8                __wrap___aeabi_cdcmpeq
 .text.__wrap___aeabi_dcmplt
                0x10003a14        0xc CMakeFiles/study_gpio.dir/home/mtkw/pico/pico-sdk/src/rp2_common/pico_double/double_aeabi.S.obj
                0x10003a14                __wrap___aeabi_dcmplt
 .text.__wrap___aeabi_dcmple
                0x10003a20       0x10 CMakeFiles/study_gpio.dir/home/mtkw/pico/pico-sdk/src/rp2_common/pico_double/double_aeabi.S.obj
                0x10003a20                __wrap___aeabi_dcmple
 .text.__wrap___aeabi_dcmpge
                0x10003a30       0x10 CMakeFiles/study_gpio.dir/home/mtkw/pico/pico-sdk/src/rp2_common/pico_double/double_aeabi.S.obj
                0x10003a30                __wrap___aeabi_dcmpge
 .text.__wrap___aeabi_dcmpgt
                0x10003a40        0xa CMakeFiles/study_gpio.dir/home/mtkw/pico/pico-sdk/src/rp2_common/pico_double/double_aeabi.S.obj
                0x10003a40                __wrap___aeabi_dcmpgt
 .text.__wrap___aeabi_dcmpun
                0x10003a4a       0x1c CMakeFiles/study_gpio.dir/home/mtkw/pico/pico-sdk/src/rp2_common/pico_double/double_aeabi.S.obj
                0x10003a4a                __wrap___aeabi_dcmpun
 *fill*         0x10003a66        0x2 
 .text.__wrap___aeabi_i2d
                0x10003a68       0x38 CMakeFiles/study_gpio.dir/home/mtkw/pico/pico-sdk/src/rp2_common/pico_double/double_aeabi.S.obj
                0x10003a68                __wrap___aeabi_ui2d
                0x10003a70                __wrap___aeabi_i2d
 .text.__wrap___aeabi_d2iz
                0x10003aa0       0x48 CMakeFiles/study_gpio.dir/home/mtkw/pico/pico-sdk/src/rp2_common/pico_double/double_aeabi.S.obj
                0x10003aa0                __wrap___aeabi_d2iz
                0x10003aa0                double2int_z
 .text.__wrap___aeabi_d2uiz
                0x10003ae8       0x18 CMakeFiles/study_gpio.dir/home/mtkw/pico/pico-sdk/src/rp2_common/pico_double/double_aeabi.S.obj
                0x10003ae8                double2uint
                0x10003ae8                __wrap___aeabi_d2uiz
 .text.__aeabi_double_init
                0x10003b00       0xc8 CMakeFiles/study_gpio.dir/home/mtkw/pico/pico-sdk/src/rp2_common/pico_double/double_init_rom.c.obj
                0x10003b00                __aeabi_double_init
 .text.double_table_shim_on_use_helper
                0x10003bc8       0x34 CMakeFiles/study_gpio.dir/home/mtkw/pico/pico-sdk/src/rp2_common/pico_double/double_v1_rom_shim.S.obj
                0x10003bc8                double_table_shim_on_use_helper
 .text.__wrap___aeabi_dsub
                0x10003bfc       0x10 CMakeFiles/study_gpio.dir/home/mtkw/pico/pico-sdk/src/rp2_common/pico_double/double_v1_rom_shim.S.obj
                0x10003bfc                drsub_shim
                0x10003c02                dsub_shim
 .text.dadd_shim
                0x10003c0c      0x15c CMakeFiles/study_gpio.dir/home/mtkw/pico/pico-sdk/src/rp2_common/pico_double/double_v1_rom_shim.S.obj
                0x10003c0c                dadd_shim
 .text.dmul_shim
                0x10003d68      0x15c CMakeFiles/study_gpio.dir/home/mtkw/pico/pico-sdk/src/rp2_common/pico_double/double_v1_rom_shim.S.obj
                0x10003d68                dmul_shim
 .text.ddiv_shim
                0x10003ec4      0x1b0 CMakeFiles/study_gpio.dir/home/mtkw/pico/pico-sdk/src/rp2_common/pico_double/double_v1_rom_shim.S.obj
                0x10003ec4                ddiv_shim
 .text.double2uint_shim
                0x10004074        0xe CMakeFiles/study_gpio.dir/home/mtkw/pico/pico-sdk/src/rp2_common/pico_double/double_v1_rom_shim.S.obj
                0x10004074                double2uint_shim
                0x10004076                double2ufix_shim
 *fill*         0x10004082        0x2 
 .text.double2uint64_shim
                0x10004084       0x70 CMakeFiles/study_gpio.dir/home/mtkw/pico/pico-sdk/src/rp2_common/pico_double/double_v1_rom_shim.S.obj
                0x10004084                double2uint64_shim
                0x10004086                double2ufix64_shim
                0x100040a6                d2fix_a
 .text.dunpacks
                0x100040f4       0x3c CMakeFiles/study_gpio.dir/home/mtkw/pico/pico-sdk/src/rp2_common/pico_double/double_v1_rom_shim.S.obj
                0x100040f4                dunpacks
 .text.__aeabi_lmul
                0x10004130       0x32 CMakeFiles/study_gpio.dir/home/mtkw/pico/pico-sdk/src/rp2_common/pico_int64_ops/pico_int64_ops_aeabi.S.obj
                0x10004130                __wrap___aeabi_lmul
 *fill*         0x10004162        0x2 
 .text.__aeabi_float_init
                0x10004164       0xfc CMakeFiles/study_gpio.dir/home/mtkw/pico/pico-sdk/src/rp2_common/pico_float/float_init_rom.c.obj
                0x10004164                __aeabi_float_init
 .text.float_table_shim_on_use_helper
                0x10004260       0x34 CMakeFiles/study_gpio.dir/home/mtkw/pico/pico-sdk/src/rp2_common/pico_float/float_v1_rom_shim.S.obj
                0x10004260                float_table_shim_on_use_helper
 .text          0x10004294       0x10 CMakeFiles/study_gpio.dir/home/mtkw/pico/pico-sdk/src/rp2_common/pico_mem_ops/mem_ops_aeabi.S.obj
                0x10004294                __aeabi_mem_init
 .text.memset   0x100042a4        0xc CMakeFiles/study_gpio.dir/home/mtkw/pico/pico-sdk/src/rp2_common/pico_mem_ops/mem_ops_aeabi.S.obj
                0x100042a4                __wrap_memset
 .text.memcpy   0x100042b0        0xc CMakeFiles/study_gpio.dir/home/mtkw/pico/pico-sdk/src/rp2_common/pico_mem_ops/mem_ops_aeabi.S.obj
                0x100042b0                __wrap___aeabi_memcpy
                0x100042b0                __wrap_memcpy
 .text.stdio_out_chars_no_crlf
                0x100042bc        0xe CMakeFiles/study_gpio.dir/home/mtkw/pico/pico-sdk/src/rp2_common/pico_stdio/stdio.c.obj
 *fill*         0x100042ca        0x2 
 .text.stdio_out_chars_crlf
                0x100042cc       0x80 CMakeFiles/study_gpio.dir/home/mtkw/pico/pico-sdk/src/rp2_common/pico_stdio/stdio.c.obj
 .text.stdio_stack_buffer_flush
                0x1000434c       0x44 CMakeFiles/study_gpio.dir/home/mtkw/pico/pico-sdk/src/rp2_common/pico_stdio/stdio.c.obj
 .text.stdio_buffered_printer
                0x10004390       0x20 CMakeFiles/study_gpio.dir/home/mtkw/pico/pico-sdk/src/rp2_common/pico_stdio/stdio.c.obj
 .text.stdout_serialize_begin
                0x100043b0       0x5c CMakeFiles/study_gpio.dir/home/mtkw/pico/pico-sdk/src/rp2_common/pico_stdio/stdio.c.obj
                0x100043b0                stdout_serialize_begin
 .text.stdout_serialize_end
                0x1000440c       0x10 CMakeFiles/study_gpio.dir/home/mtkw/pico/pico-sdk/src/rp2_common/pico_stdio/stdio.c.obj
                0x1000440c                stdout_serialize_end
 .text.stdio_put_string
                0x1000441c       0x94 CMakeFiles/study_gpio.dir/home/mtkw/pico/pico-sdk/src/rp2_common/pico_stdio/stdio.c.obj
 .text.stdio_set_driver_enabled
                0x100044b0       0x2c CMakeFiles/study_gpio.dir/home/mtkw/pico/pico-sdk/src/rp2_common/pico_stdio/stdio.c.obj
                0x100044b0                stdio_set_driver_enabled
 .text.stdio_flush
                0x100044dc       0x20 CMakeFiles/study_gpio.dir/home/mtkw/pico/pico-sdk/src/rp2_common/pico_stdio/stdio.c.obj
                0x100044dc                stdio_flush
 .text.__wrap_puts
                0x100044fc       0x1e CMakeFiles/study_gpio.dir/home/mtkw/pico/pico-sdk/src/rp2_common/pico_stdio/stdio.c.obj
                0x100044fc                __wrap_puts
 *fill*         0x1000451a        0x2 
 .text.__wrap_vprintf
                0x1000451c       0x40 CMakeFiles/study_gpio.dir/home/mtkw/pico/pico-sdk/src/rp2_common/pico_stdio/stdio.c.obj
                0x1000451c                __wrap_vprintf
 .text.__wrap_printf
                0x1000455c       0x18 CMakeFiles/study_gpio.dir/home/mtkw/pico/pico-sdk/src/rp2_common/pico_stdio/stdio.c.obj
                0x1000455c                __wrap_printf
 .text.stdio_init_all
                0x10004574        0x8 CMakeFiles/study_gpio.dir/home/mtkw/pico/pico-sdk/src/rp2_common/pico_stdio/stdio.c.obj
                0x10004574                stdio_init_all
 .text.resetd_init
                0x1000457c        0x2 CMakeFiles/study_gpio.dir/home/mtkw/pico/pico-sdk/src/rp2_common/pico_stdio_usb/reset_interface.c.obj
 *fill*         0x1000457e        0x2 
 .text.resetd_reset
                0x10004580        0xc CMakeFiles/study_gpio.dir/home/mtkw/pico/pico-sdk/src/rp2_common/pico_stdio_usb/reset_interface.c.obj
 .text.resetd_open
                0x1000458c       0x34 CMakeFiles/study_gpio.dir/home/mtkw/pico/pico-sdk/src/rp2_common/pico_stdio_usb/reset_interface.c.obj
 .text.resetd_xfer_cb
                0x100045c0        0x4 CMakeFiles/study_gpio.dir/home/mtkw/pico/pico-sdk/src/rp2_common/pico_stdio_usb/reset_interface.c.obj
 .text.resetd_control_xfer_cb
                0x100045c4       0x6c CMakeFiles/study_gpio.dir/home/mtkw/pico/pico-sdk/src/rp2_common/pico_stdio_usb/reset_interface.c.obj
 .text.usbd_app_driver_get_cb
                0x10004630        0xc CMakeFiles/study_gpio.dir/home/mtkw/pico/pico-sdk/src/rp2_common/pico_stdio_usb/reset_interface.c.obj
                0x10004630                usbd_app_driver_get_cb
 .text.tud_cdc_line_coding_cb
                0x1000463c       0x34 CMakeFiles/study_gpio.dir/home/mtkw/pico/pico-sdk/src/rp2_common/pico_stdio_usb/reset_interface.c.obj
                0x1000463c                tud_cdc_line_coding_cb
 .text.stdio_usb_set_chars_available_callback
                0x10004670       0x14 CMakeFiles/study_gpio.dir/home/mtkw/pico/pico-sdk/src/rp2_common/pico_stdio_usb/stdio_usb.c.obj
                0x10004670                stdio_usb_set_chars_available_callback
 .text.timer_task
                0x10004684       0x58 CMakeFiles/study_gpio.dir/home/mtkw/pico/pico-sdk/src/rp2_common/pico_stdio_usb/stdio_usb.c.obj
 .text.usb_irq  0x100046dc       0x10 CMakeFiles/study_gpio.dir/home/mtkw/pico/pico-sdk/src/rp2_common/pico_stdio_usb/stdio_usb.c.obj
 .text.low_priority_worker_irq
                0x100046ec       0xd4 CMakeFiles/study_gpio.dir/home/mtkw/pico/pico-sdk/src/rp2_common/pico_stdio_usb/stdio_usb.c.obj
 .text.tud_cdc_rx_cb
                0x100047c0       0x20 CMakeFiles/study_gpio.dir/home/mtkw/pico/pico-sdk/src/rp2_common/pico_stdio_usb/stdio_usb.c.obj
                0x100047c0                tud_cdc_rx_cb
 .text.stdio_usb_init
                0x100047e0      0x11c CMakeFiles/study_gpio.dir/home/mtkw/pico/pico-sdk/src/rp2_common/pico_stdio_usb/stdio_usb.c.obj
                0x100047e0                stdio_usb_init
 .text.stdio_usb_connected
                0x100048fc        0xa CMakeFiles/study_gpio.dir/home/mtkw/pico/pico-sdk/src/rp2_common/pico_stdio_usb/stdio_usb.c.obj
                0x100048fc                stdio_usb_connected
 *fill*         0x10004906        0x2 
 .text.stdio_usb_in_chars
                0x10004908       0xc4 CMakeFiles/study_gpio.dir/home/mtkw/pico/pico-sdk/src/rp2_common/pico_stdio_usb/stdio_usb.c.obj
                0x10004908                stdio_usb_in_chars
 .text.stdio_usb_out_chars
                0x100049cc      0x114 CMakeFiles/study_gpio.dir/home/mtkw/pico/pico-sdk/src/rp2_common/pico_stdio_usb/stdio_usb.c.obj
 .text.tud_descriptor_device_cb
                0x10004ae0        0x8 CMakeFiles/study_gpio.dir/home/mtkw/pico/pico-sdk/src/rp2_common/pico_stdio_usb/stdio_usb_descriptors.c.obj
                0x10004ae0                tud_descriptor_device_cb
 .text.tud_descriptor_configuration_cb
                0x10004ae8        0x8 CMakeFiles/study_gpio.dir/home/mtkw/pico/pico-sdk/src/rp2_common/pico_stdio_usb/stdio_usb_descriptors.c.obj
                0x10004ae8                tud_descriptor_configuration_cb
 .text.tud_descriptor_string_cb
                0x10004af0       0x6c CMakeFiles/study_gpio.dir/home/mtkw/pico/pico-sdk/src/rp2_common/pico_stdio_usb/stdio_usb_descriptors.c.obj
                0x10004af0                tud_descriptor_string_cb
 .text._retrieve_unique_id_on_boot
                0x10004b5c       0x10 CMakeFiles/study_gpio.dir/home/mtkw/pico/pico-sdk/src/rp2_common/pico_unique_id/unique_id.c.obj
 .text.pico_get_unique_board_id_string
                0x10004b6c       0x60 CMakeFiles/study_gpio.dir/home/mtkw/pico/pico-sdk/src/rp2_common/pico_unique_id/unique_id.c.obj
                0x10004b6c                pico_get_unique_board_id_string
 .text.flash_get_unique_id
                0x10004bcc       0x40 CMakeFiles/study_gpio.dir/home/mtkw/pico/pico-sdk/src/rp2_common/hardware_flash/flash.c.obj
                0x10004bcc                flash_get_unique_id
 .text.hw_endpoint_get_by_addr
                0x10004c0c       0x18 CMakeFiles/study_gpio.dir/home/mtkw/pico/pico-sdk/lib/tinyusb/src/portable/raspberrypi/rp2040/dcd_rp2040.c.obj
 .text._hw_endpoint_alloc
                0x10004c24       0x70 CMakeFiles/study_gpio.dir/home/mtkw/pico/pico-sdk/lib/tinyusb/src/portable/raspberrypi/rp2040/dcd_rp2040.c.obj
 .text.hw_endpoint_init
                0x10004c94       0x88 CMakeFiles/study_gpio.dir/home/mtkw/pico/pico-sdk/lib/tinyusb/src/portable/raspberrypi/rp2040/dcd_rp2040.c.obj
 .text.hw_endpoint_xfer
                0x10004d1c       0x14 CMakeFiles/study_gpio.dir/home/mtkw/pico/pico-sdk/lib/tinyusb/src/portable/raspberrypi/rp2040/dcd_rp2040.c.obj
 .text.dcd_int_enable
                0x10004d30       0x2c CMakeFiles/study_gpio.dir/home/mtkw/pico/pico-sdk/lib/tinyusb/src/portable/raspberrypi/rp2040/dcd_rp2040.c.obj
                0x10004d30                dcd_int_enable
 .text.dcd_set_address
                0x10004d5c       0x2c CMakeFiles/study_gpio.dir/home/mtkw/pico/pico-sdk/lib/tinyusb/src/portable/raspberrypi/rp2040/dcd_rp2040.c.obj
                0x10004d5c                dcd_set_address
 .text.dcd_connect
                0x10004d88       0x10 CMakeFiles/study_gpio.dir/home/mtkw/pico/pico-sdk/lib/tinyusb/src/portable/raspberrypi/rp2040/dcd_rp2040.c.obj
                0x10004d88                dcd_connect
 .text.dcd_init
                0x10004d98       0x80 CMakeFiles/study_gpio.dir/home/mtkw/pico/pico-sdk/lib/tinyusb/src/portable/raspberrypi/rp2040/dcd_rp2040.c.obj
                0x10004d98                dcd_init
 .text.dcd_edpt0_status_complete
                0x10004e18       0x1c CMakeFiles/study_gpio.dir/home/mtkw/pico/pico-sdk/lib/tinyusb/src/portable/raspberrypi/rp2040/dcd_rp2040.c.obj
                0x10004e18                dcd_edpt0_status_complete
 .text.dcd_edpt_open
                0x10004e34       0x40 CMakeFiles/study_gpio.dir/home/mtkw/pico/pico-sdk/lib/tinyusb/src/portable/raspberrypi/rp2040/dcd_rp2040.c.obj
                0x10004e34                dcd_edpt_open
 .text.dcd_edpt_close_all
                0x10004e74        0x8 CMakeFiles/study_gpio.dir/home/mtkw/pico/pico-sdk/lib/tinyusb/src/portable/raspberrypi/rp2040/dcd_rp2040.c.obj
                0x10004e74                dcd_edpt_close_all
 .text.dcd_edpt_xfer
                0x10004e7c       0x34 CMakeFiles/study_gpio.dir/home/mtkw/pico/pico-sdk/lib/tinyusb/src/portable/raspberrypi/rp2040/dcd_rp2040.c.obj
                0x10004e7c                dcd_edpt_xfer
 .text.dcd_edpt_stall
                0x10004eb0       0x2c CMakeFiles/study_gpio.dir/home/mtkw/pico/pico-sdk/lib/tinyusb/src/portable/raspberrypi/rp2040/dcd_rp2040.c.obj
                0x10004eb0                dcd_edpt_stall
 .text.dcd_edpt_clear_stall
                0x10004edc       0x20 CMakeFiles/study_gpio.dir/home/mtkw/pico/pico-sdk/lib/tinyusb/src/portable/raspberrypi/rp2040/dcd_rp2040.c.obj
                0x10004edc                dcd_edpt_clear_stall
 .text.rp2040_usb_init
                0x10004efc       0x4c CMakeFiles/study_gpio.dir/home/mtkw/pico/pico-sdk/lib/tinyusb/src/portable/raspberrypi/rp2040/rp2040_usb.c.obj
                0x10004efc                rp2040_usb_init
 .text.hw_endpoint_xfer_start
                0x10004f48       0x50 CMakeFiles/study_gpio.dir/home/mtkw/pico/pico-sdk/lib/tinyusb/src/portable/raspberrypi/rp2040/rp2040_usb.c.obj
                0x10004f48                hw_endpoint_xfer_start
 .text.configuration_reset
                0x10004f98       0x84 CMakeFiles/study_gpio.dir/home/mtkw/pico/pico-sdk/lib/tinyusb/src/device/usbd.c.obj
 .text.usbd_reset
                0x1000501c        0xc CMakeFiles/study_gpio.dir/home/mtkw/pico/pico-sdk/lib/tinyusb/src/device/usbd.c.obj
 .text.invoke_class_control
                0x10005028       0x1a CMakeFiles/study_gpio.dir/home/mtkw/pico/pico-sdk/lib/tinyusb/src/device/usbd.c.obj
 *fill*         0x10005042        0x2 
 .text.process_set_config
                0x10005044      0x174 CMakeFiles/study_gpio.dir/home/mtkw/pico/pico-sdk/lib/tinyusb/src/device/usbd.c.obj
 .text.process_get_descriptor
                0x100051b8       0xe8 CMakeFiles/study_gpio.dir/home/mtkw/pico/pico-sdk/lib/tinyusb/src/device/usbd.c.obj
 .text.tud_mounted
                0x100052a0       0x10 CMakeFiles/study_gpio.dir/home/mtkw/pico/pico-sdk/lib/tinyusb/src/device/usbd.c.obj
                0x100052a0                tud_mounted
 .text.tud_suspended
                0x100052b0       0x10 CMakeFiles/study_gpio.dir/home/mtkw/pico/pico-sdk/lib/tinyusb/src/device/usbd.c.obj
                0x100052b0                tud_suspended
 .text.tud_inited
                0x100052c0       0x14 CMakeFiles/study_gpio.dir/home/mtkw/pico/pico-sdk/lib/tinyusb/src/device/usbd.c.obj
                0x100052c0                tud_inited
 .text.tud_init
                0x100052d4       0xcc CMakeFiles/study_gpio.dir/home/mtkw/pico/pico-sdk/lib/tinyusb/src/device/usbd.c.obj
                0x100052d4                tud_init
 .text.usbd_defer_func
                0x100053a0       0x1e CMakeFiles/study_gpio.dir/home/mtkw/pico/pico-sdk/lib/tinyusb/src/device/usbd.c.obj
                0x100053a0                usbd_defer_func
 *fill*         0x100053be        0x2 
 .text.usbd_edpt_open
                0x100053c0       0x34 CMakeFiles/study_gpio.dir/home/mtkw/pico/pico-sdk/lib/tinyusb/src/device/usbd.c.obj
                0x100053c0                usbd_edpt_open
 .text.usbd_open_edpt_pair
                0x100053f4       0x62 CMakeFiles/study_gpio.dir/home/mtkw/pico/pico-sdk/lib/tinyusb/src/device/usbd.c.obj
                0x100053f4                usbd_open_edpt_pair
 *fill*         0x10005456        0x2 
 .text.usbd_edpt_claim
                0x10005458       0x28 CMakeFiles/study_gpio.dir/home/mtkw/pico/pico-sdk/lib/tinyusb/src/device/usbd.c.obj
                0x10005458                usbd_edpt_claim
 .text.usbd_edpt_release
                0x10005480       0x28 CMakeFiles/study_gpio.dir/home/mtkw/pico/pico-sdk/lib/tinyusb/src/device/usbd.c.obj
                0x10005480                usbd_edpt_release
 .text.usbd_edpt_xfer
                0x100054a8       0x78 CMakeFiles/study_gpio.dir/home/mtkw/pico/pico-sdk/lib/tinyusb/src/device/usbd.c.obj
                0x100054a8                usbd_edpt_xfer
 .text.usbd_edpt_stall
                0x10005520       0x48 CMakeFiles/study_gpio.dir/home/mtkw/pico/pico-sdk/lib/tinyusb/src/device/usbd.c.obj
                0x10005520                usbd_edpt_stall
 .text.usbd_edpt_clear_stall
                0x10005568       0x48 CMakeFiles/study_gpio.dir/home/mtkw/pico/pico-sdk/lib/tinyusb/src/device/usbd.c.obj
                0x10005568                usbd_edpt_clear_stall
 .text.usbd_edpt_stalled
                0x100055b0       0x1c CMakeFiles/study_gpio.dir/home/mtkw/pico/pico-sdk/lib/tinyusb/src/device/usbd.c.obj
                0x100055b0                usbd_edpt_stalled
 .text.process_control_request
                0x100055cc      0x37c CMakeFiles/study_gpio.dir/home/mtkw/pico/pico-sdk/lib/tinyusb/src/device/usbd.c.obj
 .text.tud_task_ext
                0x10005948      0x1b4 CMakeFiles/study_gpio.dir/home/mtkw/pico/pico-sdk/lib/tinyusb/src/device/usbd.c.obj
                0x10005948                tud_task_ext
 .text._data_stage_xact
                0x10005afc       0x58 CMakeFiles/study_gpio.dir/home/mtkw/pico/pico-sdk/lib/tinyusb/src/device/usbd_control.c.obj
 .text.tud_control_status
                0x10005b54       0x38 CMakeFiles/study_gpio.dir/home/mtkw/pico/pico-sdk/lib/tinyusb/src/device/usbd_control.c.obj
                0x10005b54                tud_control_status
 .text.tud_control_xfer
                0x10005b8c       0x70 CMakeFiles/study_gpio.dir/home/mtkw/pico/pico-sdk/lib/tinyusb/src/device/usbd_control.c.obj
                0x10005b8c                tud_control_xfer
 .text.usbd_control_reset
                0x10005bfc       0x14 CMakeFiles/study_gpio.dir/home/mtkw/pico/pico-sdk/lib/tinyusb/src/device/usbd_control.c.obj
                0x10005bfc                usbd_control_reset
 .text.usbd_control_set_complete_callback
                0x10005c10        0xc CMakeFiles/study_gpio.dir/home/mtkw/pico/pico-sdk/lib/tinyusb/src/device/usbd_control.c.obj
                0x10005c10                usbd_control_set_complete_callback
 .text.usbd_control_set_request
                0x10005c1c       0x1c CMakeFiles/study_gpio.dir/home/mtkw/pico/pico-sdk/lib/tinyusb/src/device/usbd_control.c.obj
                0x10005c1c                usbd_control_set_request
 .text.usbd_control_xfer_cb
                0x10005c38       0xcc CMakeFiles/study_gpio.dir/home/mtkw/pico/pico-sdk/lib/tinyusb/src/device/usbd_control.c.obj
                0x10005c38                usbd_control_xfer_cb
 .text._prep_out_transaction
                0x10005d04       0x4a CMakeFiles/study_gpio.dir/home/mtkw/pico/pico-sdk/lib/tinyusb/src/class/cdc/cdc_device.c.obj
 *fill*         0x10005d4e        0x2 
 .text.tud_cdc_n_connected
                0x10005d50       0x44 CMakeFiles/study_gpio.dir/home/mtkw/pico/pico-sdk/lib/tinyusb/src/class/cdc/cdc_device.c.obj
                0x10005d50                tud_cdc_n_connected
 .text.tud_cdc_n_available
                0x10005d94       0x18 CMakeFiles/study_gpio.dir/home/mtkw/pico/pico-sdk/lib/tinyusb/src/class/cdc/cdc_device.c.obj
                0x10005d94                tud_cdc_n_available
 .text.tud_cdc_n_read
                0x10005dac       0x28 CMakeFiles/study_gpio.dir/home/mtkw/pico/pico-sdk/lib/tinyusb/src/class/cdc/cdc_device.c.obj
                0x10005dac                tud_cdc_n_read
 .text.tud_cdc_n_write_flush
                0x10005dd4       0xb8 CMakeFiles/study_gpio.dir/home/mtkw/pico/pico-sdk/lib/tinyusb/src/class/cdc/cdc_device.c.obj
                0x10005dd4                tud_cdc_n_write_flush
 .text.tud_cdc_n_write
                0x10005e8c       0x38 CMakeFiles/study_gpio.dir/home/mtkw/pico/pico-sdk/lib/tinyusb/src/class/cdc/cdc_device.c.obj
                0x10005e8c                tud_cdc_n_write
 .text.tud_cdc_n_write_available
                0x10005ec4       0x1c CMakeFiles/study_gpio.dir/home/mtkw/pico/pico-sdk/lib/tinyusb/src/class/cdc/cdc_device.c.obj
                0x10005ec4                tud_cdc_n_write_available
 .text.cdcd_init
                0x10005ee0       0xb8 CMakeFiles/study_gpio.dir/home/mtkw/pico/pico-sdk/lib/tinyusb/src/class/cdc/cdc_device.c.obj
                0x10005ee0                cdcd_init
 .text.cdcd_reset
                0x10005f98       0x44 CMakeFiles/study_gpio.dir/home/mtkw/pico/pico-sdk/lib/tinyusb/src/class/cdc/cdc_device.c.obj
                0x10005f98                cdcd_reset
 .text.cdcd_open
                0x10005fdc       0xcc CMakeFiles/study_gpio.dir/home/mtkw/pico/pico-sdk/lib/tinyusb/src/class/cdc/cdc_device.c.obj
                0x10005fdc                cdcd_open
 .text.cdcd_control_xfer_cb
                0x100060a8      0x134 CMakeFiles/study_gpio.dir/home/mtkw/pico/pico-sdk/lib/tinyusb/src/class/cdc/cdc_device.c.obj
                0x100060a8                cdcd_control_xfer_cb
 .text.cdcd_xfer_cb
                0x100061dc      0x12c CMakeFiles/study_gpio.dir/home/mtkw/pico/pico-sdk/lib/tinyusb/src/class/cdc/cdc_device.c.obj
                0x100061dc                cdcd_xfer_cb
 .text.tusb_init
                0x10006308        0xa CMakeFiles/study_gpio.dir/home/mtkw/pico/pico-sdk/lib/tinyusb/src/tusb.c.obj
                0x10006308                tusb_init
 .text.tusb_inited
                0x10006312        0xe CMakeFiles/study_gpio.dir/home/mtkw/pico/pico-sdk/lib/tinyusb/src/tusb.c.obj
                0x10006312                tusb_inited
 .text.tu_edpt_claim
                0x10006320       0x4a CMakeFiles/study_gpio.dir/home/mtkw/pico/pico-sdk/lib/tinyusb/src/tusb.c.obj
                0x10006320                tu_edpt_claim
 .text.tu_edpt_release
                0x1000636a       0x3c CMakeFiles/study_gpio.dir/home/mtkw/pico/pico-sdk/lib/tinyusb/src/tusb.c.obj
                0x1000636a                tu_edpt_release
 *fill*         0x100063a6        0x2 
 .text.tu_edpt_validate
                0x100063a8       0x74 CMakeFiles/study_gpio.dir/home/mtkw/pico/pico-sdk/lib/tinyusb/src/tusb.c.obj
                0x100063a8                tu_edpt_validate
 .text.tu_edpt_bind_driver
                0x1000641c       0x26 CMakeFiles/study_gpio.dir/home/mtkw/pico/pico-sdk/lib/tinyusb/src/tusb.c.obj
                0x1000641c                tu_edpt_bind_driver
 .text.advance_index
                0x10006442       0x1a CMakeFiles/study_gpio.dir/home/mtkw/pico/pico-sdk/lib/tinyusb/src/common/tusb_fifo.c.obj
 .text._tu_fifo_peek
                0x1000645c       0x56 CMakeFiles/study_gpio.dir/home/mtkw/pico/pico-sdk/lib/tinyusb/src/common/tusb_fifo.c.obj
 .text._ff_pull_const_addr
                0x100064b2       0x46 CMakeFiles/study_gpio.dir/home/mtkw/pico/pico-sdk/lib/tinyusb/src/common/tusb_fifo.c.obj
 .text._ff_pull_n
                0x100064f8      0x104 CMakeFiles/study_gpio.dir/home/mtkw/pico/pico-sdk/lib/tinyusb/src/common/tusb_fifo.c.obj
 .text._tu_fifo_peek_n
                0x100065fc       0x6a CMakeFiles/study_gpio.dir/home/mtkw/pico/pico-sdk/lib/tinyusb/src/common/tusb_fifo.c.obj
 .text._tu_fifo_read_n
                0x10006666       0x4e CMakeFiles/study_gpio.dir/home/mtkw/pico/pico-sdk/lib/tinyusb/src/common/tusb_fifo.c.obj
 .text._ff_push_const_addr
                0x100066b4       0x3a CMakeFiles/study_gpio.dir/home/mtkw/pico/pico-sdk/lib/tinyusb/src/common/tusb_fifo.c.obj
 .text._ff_push_n
                0x100066ee       0xfe CMakeFiles/study_gpio.dir/home/mtkw/pico/pico-sdk/lib/tinyusb/src/common/tusb_fifo.c.obj
 .text._tu_fifo_write_n
                0x100067ec       0xf0 CMakeFiles/study_gpio.dir/home/mtkw/pico/pico-sdk/lib/tinyusb/src/common/tusb_fifo.c.obj
 .text.tu_fifo_config
                0x100068dc       0x7c CMakeFiles/study_gpio.dir/home/mtkw/pico/pico-sdk/lib/tinyusb/src/common/tusb_fifo.c.obj
                0x100068dc                tu_fifo_config
 .text.tu_fifo_count
                0x10006958       0x2a CMakeFiles/study_gpio.dir/home/mtkw/pico/pico-sdk/lib/tinyusb/src/common/tusb_fifo.c.obj
                0x10006958                tu_fifo_count
 .text.tu_fifo_empty
                0x10006982        0xe CMakeFiles/study_gpio.dir/home/mtkw/pico/pico-sdk/lib/tinyusb/src/common/tusb_fifo.c.obj
                0x10006982                tu_fifo_empty
 .text.tu_fifo_full
                0x10006990       0x28 CMakeFiles/study_gpio.dir/home/mtkw/pico/pico-sdk/lib/tinyusb/src/common/tusb_fifo.c.obj
                0x10006990                tu_fifo_full
 .text.tu_fifo_remaining
                0x100069b8       0x2c CMakeFiles/study_gpio.dir/home/mtkw/pico/pico-sdk/lib/tinyusb/src/common/tusb_fifo.c.obj
                0x100069b8                tu_fifo_remaining
 .text.tu_fifo_read
                0x100069e4       0x42 CMakeFiles/study_gpio.dir/home/mtkw/pico/pico-sdk/lib/tinyusb/src/common/tusb_fifo.c.obj
                0x100069e4                tu_fifo_read
 .text.tu_fifo_read_n
                0x10006a26        0xa CMakeFiles/study_gpio.dir/home/mtkw/pico/pico-sdk/lib/tinyusb/src/common/tusb_fifo.c.obj
                0x10006a26                tu_fifo_read_n
 .text.tu_fifo_write
                0x10006a30       0x66 CMakeFiles/study_gpio.dir/home/mtkw/pico/pico-sdk/lib/tinyusb/src/common/tusb_fifo.c.obj
                0x10006a30                tu_fifo_write
 .text.tu_fifo_write_n
                0x10006a96        0xa CMakeFiles/study_gpio.dir/home/mtkw/pico/pico-sdk/lib/tinyusb/src/common/tusb_fifo.c.obj
                0x10006a96                tu_fifo_write_n
 .text.tu_fifo_clear
                0x10006aa0       0x3e CMakeFiles/study_gpio.dir/home/mtkw/pico/pico-sdk/lib/tinyusb/src/common/tusb_fifo.c.obj
                0x10006aa0                tu_fifo_clear
 .text.tu_fifo_set_overwritable
                0x10006ade       0x46 CMakeFiles/study_gpio.dir/home/mtkw/pico/pico-sdk/lib/tinyusb/src/common/tusb_fifo.c.obj
                0x10006ade                tu_fifo_set_overwritable
 .text          0x10006b24       0x68 /usr/lib/gcc/arm-none-eabi/8.3.1/../../../arm-none-eabi/lib/thumb/v6-m/nofp/libg.a(lib_a-strlen-stub.o)
                0x10006b24                strlen
 *(.fini)
 .fini          0x10006b8c        0x4 /usr/lib/gcc/arm-none-eabi/8.3.1/thumb/v6-m/nofp/crti.o
                0x10006b8c                _fini
 .fini.__stub   0x10006b90       0xe0 linker stubs
 *crtbegin.o(.ctors)
 *crtbegin?.o(.ctors)
 *(EXCLUDE_FILE(*crtend.o *crtend?.o) .ctors)
 *(SORT_BY_NAME(.ctors.*))
 *(.ctors)
 *crtbegin.o(.dtors)
 *crtbegin?.o(.dtors)
 *(EXCLUDE_FILE(*crtend.o *crtend?.o) .dtors)
 *(SORT_BY_NAME(.dtors.*))
 *(.dtors)
 *(.eh_frame*)
 .eh_frame      0x10006c70        0x0 /usr/lib/gcc/arm-none-eabi/8.3.1/thumb/v6-m/nofp/crtbegin.o
                0x10006c70                . = ALIGN (0x4)

.glue_7         0x10006c70        0x0
 .glue_7        0x10006c70        0x0 linker stubs

.glue_7t        0x10006c70        0x0
 .glue_7t       0x10006c70        0x0 linker stubs

.vfp11_veneer   0x10006c70        0x0
 .vfp11_veneer  0x10006c70        0x0 linker stubs

.v4_bx          0x10006c70        0x0
 .v4_bx         0x10006c70        0x0 linker stubs

.iplt           0x10006c70        0x0
 .iplt          0x10006c70        0x0 /usr/lib/gcc/arm-none-eabi/8.3.1/thumb/v6-m/nofp/crtbegin.o

.rodata         0x10006c70     0x1504
 *(EXCLUDE_FILE(*libm.a: *libc.a:*lib_a-mem*.o *libgcc.a:) .rodata*)
 .rodata.main.str1.4
                0x10006c70       0x13 CMakeFiles/study_gpio.dir/study_gpio.c.obj
 *fill*         0x10006c83        0x1 
 .rodata.spin_lock_claim_unused.str1.4
                0x10006c84       0x1b CMakeFiles/study_gpio.dir/home/mtkw/pico/pico-sdk/src/rp2_common/hardware_sync/sync.c.obj
 *fill*         0x10006c9f        0x1 
 .rodata.__func__.4859
                0x10006ca0       0x1a CMakeFiles/study_gpio.dir/home/mtkw/pico/pico-sdk/src/rp2_common/hardware_irq/irq.c.obj
 *fill*         0x10006cba        0x2 
 .rodata.__func__.4873
                0x10006cbc        0xc CMakeFiles/study_gpio.dir/home/mtkw/pico/pico-sdk/src/rp2_common/hardware_irq/irq.c.obj
 .rodata.__func__.4881
                0x10006cc8       0x17 CMakeFiles/study_gpio.dir/home/mtkw/pico/pico-sdk/src/rp2_common/hardware_irq/irq.c.obj
 *fill*         0x10006cdf        0x1 
 .rodata.__func__.4885
                0x10006ce0        0xf CMakeFiles/study_gpio.dir/home/mtkw/pico/pico-sdk/src/rp2_common/hardware_irq/irq.c.obj
 *fill*         0x10006cef        0x1 
 .rodata.__func__.4902
                0x10006cf0       0x17 CMakeFiles/study_gpio.dir/home/mtkw/pico/pico-sdk/src/rp2_common/hardware_irq/irq.c.obj
 *fill*         0x10006d07        0x1 
 .rodata.__func__.4924
                0x10006d08       0x13 CMakeFiles/study_gpio.dir/home/mtkw/pico/pico-sdk/src/rp2_common/hardware_irq/irq.c.obj
 *fill*         0x10006d1b        0x1 
 .rodata.__func__.4946
                0x10006d1c       0x1a CMakeFiles/study_gpio.dir/home/mtkw/pico/pico-sdk/src/rp2_common/hardware_irq/irq.c.obj
 *fill*         0x10006d36        0x2 
 .rodata.insert_branch_and_link.str1.4
                0x10006d38       0x10 CMakeFiles/study_gpio.dir/home/mtkw/pico/pico-sdk/src/rp2_common/hardware_irq/irq.c.obj
 .rodata.irq_add_shared_handler.str1.4
                0x10006d48       0xd9 CMakeFiles/study_gpio.dir/home/mtkw/pico/pico-sdk/src/rp2_common/hardware_irq/irq.c.obj
 *fill*         0x10006e21        0x3 
 .rodata.irq_add_tail_to_free_list.str1.4
                0x10006e24       0x3a CMakeFiles/study_gpio.dir/home/mtkw/pico/pico-sdk/src/rp2_common/hardware_irq/irq.c.obj
 *fill*         0x10006e5e        0x2 
 .rodata.irq_remove_handler.str1.4
                0x10006e60       0x3a CMakeFiles/study_gpio.dir/home/mtkw/pico/pico-sdk/src/rp2_common/hardware_irq/irq.c.obj
 *fill*         0x10006e9a        0x2 
 .rodata.irq_set_exclusive_handler.str1.4
                0x10006e9c       0x36 CMakeFiles/study_gpio.dir/home/mtkw/pico/pico-sdk/src/rp2_common/hardware_irq/irq.c.obj
 *fill*         0x10006ed2        0x2 
 .rodata.make_branch.str1.4
                0x10006ed4       0x6b CMakeFiles/study_gpio.dir/home/mtkw/pico/pico-sdk/src/rp2_common/hardware_irq/irq.c.obj
 *fill*         0x10006f3f        0x1 
 .rodata.user_irq_claim_unused.str1.4
                0x10006f40       0x1b CMakeFiles/study_gpio.dir/home/mtkw/pico/pico-sdk/src/rp2_common/hardware_irq/irq.c.obj
 *fill*         0x10006f5b        0x1 
 .rodata.__func__.4243
                0x10006f5c       0x15 CMakeFiles/study_gpio.dir/home/mtkw/pico/pico-sdk/src/common/pico_sync/mutex.c.obj
 *fill*         0x10006f71        0x3 
 .rodata.__func__.4774
                0x10006f74       0x18 CMakeFiles/study_gpio.dir/home/mtkw/pico/pico-sdk/src/common/pico_sync/mutex.c.obj
 .rodata.__func__.4793
                0x10006f8c        0xb CMakeFiles/study_gpio.dir/home/mtkw/pico/pico-sdk/src/common/pico_sync/mutex.c.obj
 *fill*         0x10006f97        0x1 
 .rodata.str1.4
                0x10006f98       0xe9 CMakeFiles/study_gpio.dir/home/mtkw/pico/pico-sdk/src/common/pico_sync/mutex.c.obj
 *fill*         0x10007081        0x3 
 .rodata.__func__.5751
                0x10007084       0x15 CMakeFiles/study_gpio.dir/home/mtkw/pico/pico-sdk/src/common/pico_time/time.c.obj
 *fill*         0x10007099        0x3 
 .rodata.__func__.6095
                0x1000709c        0xc CMakeFiles/study_gpio.dir/home/mtkw/pico/pico-sdk/src/common/pico_time/time.c.obj
 .rodata.__func__.6102
                0x100070a8       0x12 CMakeFiles/study_gpio.dir/home/mtkw/pico/pico-sdk/src/common/pico_time/time.c.obj
 *fill*         0x100070ba        0x2 
 .rodata.__func__.6118
                0x100070bc        0xf CMakeFiles/study_gpio.dir/home/mtkw/pico/pico-sdk/src/common/pico_time/time.c.obj
 *fill*         0x100070cb        0x1 
 .rodata.__func__.6140
                0x100070cc        0xd CMakeFiles/study_gpio.dir/home/mtkw/pico/pico-sdk/src/common/pico_time/time.c.obj
 *fill*         0x100070d9        0x3 
 .rodata.__func__.6369
                0x100070dc        0xa CMakeFiles/study_gpio.dir/home/mtkw/pico/pico-sdk/src/common/pico_time/time.c.obj
 *fill*         0x100070e6        0x2 
 .rodata.__func__.6374
                0x100070e8       0x12 CMakeFiles/study_gpio.dir/home/mtkw/pico/pico-sdk/src/common/pico_time/time.c.obj
 *fill*         0x100070fa        0x2 
 .rodata.__func__.6389
                0x100070fc       0x17 CMakeFiles/study_gpio.dir/home/mtkw/pico/pico-sdk/src/common/pico_time/time.c.obj
 *fill*         0x10007113        0x1 
 .rodata.__func__.6400
                0x10007114       0x15 CMakeFiles/study_gpio.dir/home/mtkw/pico/pico-sdk/src/common/pico_time/time.c.obj
 *fill*         0x10007129        0x3 
 .rodata.__func__.6417
                0x1000712c       0x1a CMakeFiles/study_gpio.dir/home/mtkw/pico/pico-sdk/src/common/pico_time/time.c.obj
 *fill*         0x10007146        0x2 
 .rodata.__func__.6470
                0x10007148       0x18 CMakeFiles/study_gpio.dir/home/mtkw/pico/pico-sdk/src/common/pico_time/time.c.obj
 .rodata.add_alarm_under_lock.str1.4
                0x10007160       0x28 CMakeFiles/study_gpio.dir/home/mtkw/pico/pico-sdk/src/common/pico_time/time.c.obj
                                 0x2b (size before relaxing)
 .rodata.alarm_pool_alarm_callback.str1.4
                0x10007188       0x98 CMakeFiles/study_gpio.dir/home/mtkw/pico/pico-sdk/src/common/pico_time/time.c.obj
                                 0xf8 (size before relaxing)
 .rodata.alarm_pool_cancel_alarm.str1.4
                0x10007220       0x27 CMakeFiles/study_gpio.dir/home/mtkw/pico/pico-sdk/src/common/pico_time/time.c.obj
 *fill*         0x10007247        0x1 
 .rodata.alarm_pool_get_default.str1.4
                0x10007248       0x21 CMakeFiles/study_gpio.dir/home/mtkw/pico/pico-sdk/src/common/pico_time/time.c.obj
 *fill*         0x10007269        0x3 
 .rodata.ph_add_child_node.str1.4
                0x1000726c       0x92 CMakeFiles/study_gpio.dir/home/mtkw/pico/pico-sdk/src/common/pico_time/time.c.obj
 *fill*         0x100072fe        0x2 
 .rodata.repeating_timer_callback.str1.4
                0x10007300       0x49 CMakeFiles/study_gpio.dir/home/mtkw/pico/pico-sdk/src/common/pico_time/time.c.obj
 *fill*         0x10007349        0x3 
 .rodata.timer_pool_entry_comparator.str1.4
                0x1000734c       0x22 CMakeFiles/study_gpio.dir/home/mtkw/pico/pico-sdk/src/common/pico_time/time.c.obj
 *fill*         0x1000736e        0x2 
 .rodata.__func__.4640
                0x10007370       0x1a CMakeFiles/study_gpio.dir/home/mtkw/pico/pico-sdk/src/rp2_common/hardware_timer/timer.c.obj
 *fill*         0x1000738a        0x2 
 .rodata.hardware_alarm_claim.str1.4
                0x1000738c       0x22 CMakeFiles/study_gpio.dir/home/mtkw/pico/pico-sdk/src/rp2_common/hardware_timer/timer.c.obj
 *fill*         0x100073ae        0x2 
 .rodata.hardware_alarm_set_target.str1.4
                0x100073b0       0x63 CMakeFiles/study_gpio.dir/home/mtkw/pico/pico-sdk/src/rp2_common/hardware_timer/timer.c.obj
 *fill*         0x10007413        0x1 
 .rodata.__func__.5776
                0x10007414        0xc CMakeFiles/study_gpio.dir/home/mtkw/pico/pico-sdk/src/common/pico_util/pheap.c.obj
 .rodata.__func__.5783
                0x10007420       0x12 CMakeFiles/study_gpio.dir/home/mtkw/pico/pico-sdk/src/common/pico_util/pheap.c.obj
 *fill*         0x10007432        0x2 
 .rodata.__func__.5869
                0x10007434       0x13 CMakeFiles/study_gpio.dir/home/mtkw/pico/pico-sdk/src/common/pico_util/pheap.c.obj
 *fill*         0x10007447        0x1 
 .rodata.__func__.5887
                0x10007448       0x18 CMakeFiles/study_gpio.dir/home/mtkw/pico/pico-sdk/src/common/pico_util/pheap.c.obj
 .rodata.ph_add_child_node.str1.4
                0x10007460       0x92 CMakeFiles/study_gpio.dir/home/mtkw/pico/pico-sdk/src/common/pico_util/pheap.c.obj
 .rodata.ph_remove_and_free_node.str1.4
                0x10007460       0x1e CMakeFiles/study_gpio.dir/home/mtkw/pico/pico-sdk/src/common/pico_util/pheap.c.obj
                                 0x26 (size before relaxing)
 *fill*         0x1000747e        0x2 
 .rodata.ph_remove_any_head.str1.4
                0x10007480       0x8c CMakeFiles/study_gpio.dir/home/mtkw/pico/pico-sdk/src/common/pico_util/pheap.c.obj
                                 0xa0 (size before relaxing)
 .rodata.__func__.4826
                0x1000750c       0x10 CMakeFiles/study_gpio.dir/home/mtkw/pico/pico-sdk/src/rp2_common/hardware_clocks/clocks.c.obj
 .rodata.clock_configure.str1.4
                0x1000751c       0x55 CMakeFiles/study_gpio.dir/home/mtkw/pico/pico-sdk/src/rp2_common/hardware_clocks/clocks.c.obj
 *fill*         0x10007571        0x3 
 .rodata.__func__.4483
                0x10007574        0x9 CMakeFiles/study_gpio.dir/home/mtkw/pico/pico-sdk/src/rp2_common/hardware_pll/pll.c.obj
 *fill*         0x1000757d        0x3 
 .rodata.pll_init.str1.4
                0x10007580      0x120 CMakeFiles/study_gpio.dir/home/mtkw/pico/pico-sdk/src/rp2_common/hardware_pll/pll.c.obj
 .rodata.__assert_func.str1.4
                0x100076a0       0x3f CMakeFiles/study_gpio.dir/home/mtkw/pico/pico-sdk/src/rp2_common/pico_runtime/runtime.c.obj
                                 0x43 (size before relaxing)
 *fill*         0x100076df        0x1 
 .rodata.__func__.6437
                0x100076e0        0xd CMakeFiles/study_gpio.dir/home/mtkw/pico/pico-sdk/src/rp2_common/pico_runtime/runtime.c.obj
 *fill*         0x100076ed        0x3 
 .rodata.panic.str1.4
                0x100076f0       0x12 CMakeFiles/study_gpio.dir/home/mtkw/pico/pico-sdk/src/rp2_common/pico_runtime/runtime.c.obj
 *fill*         0x10007702        0x2 
 .rodata.runtime_init.str1.4
                0x10007704       0x5f CMakeFiles/study_gpio.dir/home/mtkw/pico/pico-sdk/src/rp2_common/pico_runtime/runtime.c.obj
 *fill*         0x10007763        0x1 
 .rodata._vsnprintf
                0x10007764      0x1e0 CMakeFiles/study_gpio.dir/home/mtkw/pico/pico-sdk/src/rp2_common/pico_printf/printf.c.obj
 .rodata._ftoa.str1.4
                0x10007944       0x15 CMakeFiles/study_gpio.dir/home/mtkw/pico/pico-sdk/src/rp2_common/pico_printf/printf.c.obj
 *fill*         0x10007959        0x7 
 .rodata.pow10.5481
                0x10007960       0x50 CMakeFiles/study_gpio.dir/home/mtkw/pico/pico-sdk/src/rp2_common/pico_printf/printf.c.obj
 .rodata.__aeabi_double_init.str1.4
                0x100079b0       0x9a CMakeFiles/study_gpio.dir/home/mtkw/pico/pico-sdk/src/rp2_common/pico_double/double_init_rom.c.obj
 *fill*         0x10007a4a        0x2 
 .rodata.__func__.4787
                0x10007a4c       0x14 CMakeFiles/study_gpio.dir/home/mtkw/pico/pico-sdk/src/rp2_common/pico_double/double_init_rom.c.obj
 .rodata.__aeabi_float_init.str1.4
                0x10007a60       0x78 CMakeFiles/study_gpio.dir/home/mtkw/pico/pico-sdk/src/rp2_common/pico_float/float_init_rom.c.obj
                                 0x7c (size before relaxing)
 .rodata.__func__.4788
                0x10007ad8       0x13 CMakeFiles/study_gpio.dir/home/mtkw/pico/pico-sdk/src/rp2_common/pico_float/float_init_rom.c.obj
 *fill*         0x10007aeb        0x1 
 .rodata.__bi_44
                0x10007aec        0xc CMakeFiles/study_gpio.dir/home/mtkw/pico/pico-sdk/src/rp2_common/pico_standard_link/binary_info.c.obj
 .rodata.__bi_56
                0x10007af8        0xc CMakeFiles/study_gpio.dir/home/mtkw/pico/pico-sdk/src/rp2_common/pico_standard_link/binary_info.c.obj
 .rodata.__bi_75
                0x10007b04        0xc CMakeFiles/study_gpio.dir/home/mtkw/pico/pico-sdk/src/rp2_common/pico_standard_link/binary_info.c.obj
 .rodata.__bi_81
                0x10007b10        0xc CMakeFiles/study_gpio.dir/home/mtkw/pico/pico-sdk/src/rp2_common/pico_standard_link/binary_info.c.obj
 .rodata.str1.4
                0x10007b1c       0x44 CMakeFiles/study_gpio.dir/home/mtkw/pico/pico-sdk/src/rp2_common/pico_standard_link/binary_info.c.obj
 .rodata.__func__.5613
                0x10007b60       0x15 CMakeFiles/study_gpio.dir/home/mtkw/pico/pico-sdk/src/rp2_common/pico_stdio/stdio.c.obj
 *fill*         0x10007b75        0x3 
 .rodata.crlf_str.6134
                0x10007b78        0x2 CMakeFiles/study_gpio.dir/home/mtkw/pico/pico-sdk/src/rp2_common/pico_stdio/stdio.c.obj
 .rodata.stdout_serialize_begin.str1.4
                0x10007b7a       0x5f CMakeFiles/study_gpio.dir/home/mtkw/pico/pico-sdk/src/rp2_common/pico_stdio/stdio.c.obj
 *fill*         0x10007b7a        0x2 
 .rodata._resetd_driver
                0x10007b7c       0x18 CMakeFiles/study_gpio.dir/home/mtkw/pico/pico-sdk/src/rp2_common/pico_stdio_usb/reset_interface.c.obj
 .rodata.__bi_182.7712
                0x10007b94        0xc CMakeFiles/study_gpio.dir/home/mtkw/pico/pico-sdk/src/rp2_common/pico_stdio_usb/stdio_usb.c.obj
 .rodata.__func__.5474
                0x10007ba0       0x15 CMakeFiles/study_gpio.dir/home/mtkw/pico/pico-sdk/src/rp2_common/pico_stdio_usb/stdio_usb.c.obj
 *fill*         0x10007bb5        0x3 
 .rodata.__func__.7710
                0x10007bb8        0xf CMakeFiles/study_gpio.dir/home/mtkw/pico/pico-sdk/src/rp2_common/pico_stdio_usb/stdio_usb.c.obj
 .rodata.low_priority_worker_irq.str1.4
                0x10007bc7       0x5f CMakeFiles/study_gpio.dir/home/mtkw/pico/pico-sdk/src/rp2_common/pico_stdio_usb/stdio_usb.c.obj
 *fill*         0x10007bc7        0x1 
 .rodata.stdio_usb_init.str1.4
                0x10007bc8       0x43 CMakeFiles/study_gpio.dir/home/mtkw/pico/pico-sdk/src/rp2_common/pico_stdio_usb/stdio_usb.c.obj
                                 0x4b (size before relaxing)
 *fill*         0x10007c0b        0x1 
 .rodata.str1.4
                0x10007c0c       0x13 CMakeFiles/study_gpio.dir/home/mtkw/pico/pico-sdk/src/rp2_common/pico_stdio_usb/stdio_usb.c.obj
 *fill*         0x10007c1f        0x1 
 .rodata.str1.4
                0x10007c20       0x2a CMakeFiles/study_gpio.dir/home/mtkw/pico/pico-sdk/src/rp2_common/pico_stdio_usb/stdio_usb_descriptors.c.obj
 *fill*         0x10007c4a        0x2 
 .rodata.usbd_desc_cfg
                0x10007c4c       0x54 CMakeFiles/study_gpio.dir/home/mtkw/pico/pico-sdk/src/rp2_common/pico_stdio_usb/stdio_usb_descriptors.c.obj
 .rodata.usbd_desc_device
                0x10007ca0       0x12 CMakeFiles/study_gpio.dir/home/mtkw/pico/pico-sdk/src/rp2_common/pico_stdio_usb/stdio_usb_descriptors.c.obj
 *fill*         0x10007cb2        0x2 
 .rodata.usbd_desc_str
                0x10007cb4       0x18 CMakeFiles/study_gpio.dir/home/mtkw/pico/pico-sdk/src/rp2_common/pico_stdio_usb/stdio_usb_descriptors.c.obj
 .rodata.__func__.4355
                0x10007ccc       0x20 CMakeFiles/study_gpio.dir/home/mtkw/pico/pico-sdk/src/rp2_common/pico_unique_id/unique_id.c.obj
 .rodata.pico_get_unique_board_id_string.str1.4
                0x10007cec       0x4b CMakeFiles/study_gpio.dir/home/mtkw/pico/pico-sdk/src/rp2_common/pico_unique_id/unique_id.c.obj
 *fill*         0x10007d37        0x1 
 .rodata.__func__.4529
                0x10007d38        0xd CMakeFiles/study_gpio.dir/home/mtkw/pico/pico-sdk/src/rp2_common/hardware_flash/flash.c.obj
 *fill*         0x10007d45        0x3 
 .rodata.str1.4
                0x10007d48      0x156 CMakeFiles/study_gpio.dir/home/mtkw/pico/pico-sdk/src/rp2_common/hardware_flash/flash.c.obj
 *fill*         0x10007e9e        0x2 
 .rodata.__func__.6947
                0x10007ea0       0x13 CMakeFiles/study_gpio.dir/home/mtkw/pico/pico-sdk/lib/tinyusb/src/portable/raspberrypi/rp2040/dcd_rp2040.c.obj
 *fill*         0x10007eb3        0x1 
 .rodata.__func__.7018
                0x10007eb4        0x9 CMakeFiles/study_gpio.dir/home/mtkw/pico/pico-sdk/lib/tinyusb/src/portable/raspberrypi/rp2040/dcd_rp2040.c.obj
 *fill*         0x10007ebd        0x3 
 .rodata.__func__.7022
                0x10007ec0        0xf CMakeFiles/study_gpio.dir/home/mtkw/pico/pico-sdk/lib/tinyusb/src/portable/raspberrypi/rp2040/dcd_rp2040.c.obj
 *fill*         0x10007ecf        0x1 
 .rodata.__func__.7031
                0x10007ed0       0x10 CMakeFiles/study_gpio.dir/home/mtkw/pico/pico-sdk/lib/tinyusb/src/portable/raspberrypi/rp2040/dcd_rp2040.c.obj
 .rodata.__func__.7054
                0x10007ee0        0xe CMakeFiles/study_gpio.dir/home/mtkw/pico/pico-sdk/lib/tinyusb/src/portable/raspberrypi/rp2040/dcd_rp2040.c.obj
 *fill*         0x10007eee        0x2 
 .rodata.__func__.7064
                0x10007ef0        0xe CMakeFiles/study_gpio.dir/home/mtkw/pico/pico-sdk/lib/tinyusb/src/portable/raspberrypi/rp2040/dcd_rp2040.c.obj
 *fill*         0x10007efe        0x2 
 .rodata._hw_endpoint_alloc.str1.4
                0x10007f00       0xb5 CMakeFiles/study_gpio.dir/home/mtkw/pico/pico-sdk/lib/tinyusb/src/portable/raspberrypi/rp2040/dcd_rp2040.c.obj
 *fill*         0x10007fb5        0x3 
 .rodata.dcd_int_enable.str1.4
                0x10007fb8        0xc CMakeFiles/study_gpio.dir/home/mtkw/pico/pico-sdk/lib/tinyusb/src/portable/raspberrypi/rp2040/dcd_rp2040.c.obj
 .rodata.str1.4
                0x10007fc4       0x14 CMakeFiles/study_gpio.dir/home/mtkw/pico/pico-sdk/lib/tinyusb/src/portable/raspberrypi/rp2040/dcd_rp2040.c.obj
 .rodata.__func__.6773
                0x10007fd8        0xf CMakeFiles/study_gpio.dir/home/mtkw/pico/pico-sdk/lib/tinyusb/src/portable/raspberrypi/rp2040/rp2040_usb.c.obj
 *fill*         0x10007fe7        0x1 
 .rodata.str1.4
                0x10007fe8       0xe7 CMakeFiles/study_gpio.dir/home/mtkw/pico/pico-sdk/lib/tinyusb/src/portable/raspberrypi/rp2040/rp2040_usb.c.obj
 *fill*         0x100080cf        0x1 
 .rodata.process_get_descriptor
                0x100080d0       0x40 CMakeFiles/study_gpio.dir/home/mtkw/pico/pico-sdk/lib/tinyusb/src/device/usbd.c.obj
 .rodata.process_control_request
                0x10008110       0x28 CMakeFiles/study_gpio.dir/home/mtkw/pico/pico-sdk/lib/tinyusb/src/device/usbd.c.obj
 .rodata.tud_task_ext
                0x10008138       0x24 CMakeFiles/study_gpio.dir/home/mtkw/pico/pico-sdk/lib/tinyusb/src/device/usbd.c.obj
 .rodata._usbd_driver
                0x1000815c       0x18 CMakeFiles/study_gpio.dir/home/mtkw/pico/pico-sdk/lib/tinyusb/src/device/usbd.c.obj
                0x10008174                . = ALIGN (0x4)
 *(SORT_BY_ALIGNMENT(SORT_BY_NAME(.flashdata*)))
                0x10008174                . = ALIGN (0x4)

.ARM.extab
 *(.ARM.extab* .gnu.linkonce.armextab.*)
                0x10008174                __exidx_start = .

.ARM.exidx
 *(.ARM.exidx* .gnu.linkonce.armexidx.*)
                0x10008174                __exidx_end = .
                0x10008174                . = ALIGN (0x4)
                0x10008174                __binary_info_start = .

.binary_info    0x10008174       0x24
 *(.binary_info.keep.*)
 .binary_info.keep.__bi_ptr22
                0x10008174        0x4 CMakeFiles/study_gpio.dir/home/mtkw/pico/pico-sdk/src/rp2_common/pico_standard_link/binary_info.c.obj
 .binary_info.keep.__bi_ptr30
                0x10008178        0x4 CMakeFiles/study_gpio.dir/home/mtkw/pico/pico-sdk/src/rp2_common/pico_standard_link/binary_info.c.obj
 .binary_info.keep.__bi_ptr38
                0x1000817c        0x4 CMakeFiles/study_gpio.dir/home/mtkw/pico/pico-sdk/src/rp2_common/pico_standard_link/binary_info.c.obj
 .binary_info.keep.__bi_ptr44
                0x10008180        0x4 CMakeFiles/study_gpio.dir/home/mtkw/pico/pico-sdk/src/rp2_common/pico_standard_link/binary_info.c.obj
 .binary_info.keep.__bi_ptr50
                0x10008184        0x4 CMakeFiles/study_gpio.dir/home/mtkw/pico/pico-sdk/src/rp2_common/pico_standard_link/binary_info.c.obj
 .binary_info.keep.__bi_ptr56
                0x10008188        0x4 CMakeFiles/study_gpio.dir/home/mtkw/pico/pico-sdk/src/rp2_common/pico_standard_link/binary_info.c.obj
 .binary_info.keep.__bi_ptr75
                0x1000818c        0x4 CMakeFiles/study_gpio.dir/home/mtkw/pico/pico-sdk/src/rp2_common/pico_standard_link/binary_info.c.obj
 .binary_info.keep.__bi_ptr81
                0x10008190        0x4 CMakeFiles/study_gpio.dir/home/mtkw/pico/pico-sdk/src/rp2_common/pico_standard_link/binary_info.c.obj
 *(.binary_info.*)
 .binary_info.__bi_ptr182
                0x10008194        0x4 CMakeFiles/study_gpio.dir/home/mtkw/pico/pico-sdk/src/rp2_common/pico_stdio_usb/stdio_usb.c.obj
                0x10008198                __binary_info_end = .

.rel.dyn        0x10008198        0x0
 .rel.iplt      0x10008198        0x0 /usr/lib/gcc/arm-none-eabi/8.3.1/thumb/v6-m/nofp/crtbegin.o
                0x10008198                . = ALIGN (0x4)

.ram_vector_table
                0x20000000       0xc0
 *(.ram_vector_table)
 .ram_vector_table
                0x20000000       0xc0 CMakeFiles/study_gpio.dir/home/mtkw/pico/pico-sdk/src/rp2_common/pico_runtime/runtime.c.obj
                0x20000000                ram_vector_table

.data           0x200000c0      0xbe0 load address 0x10008198
                0x200000c0                __data_start__ = .
 *(vtable)
 *(.time_critical*)
 .time_critical.mutex_try_enter
                0x200000c0       0x48 CMakeFiles/study_gpio.dir/home/mtkw/pico/pico-sdk/src/common/pico_sync/mutex.c.obj
                0x200000c0                mutex_try_enter
 .time_critical.mutex_enter_block_until
                0x20000108       0x7c CMakeFiles/study_gpio.dir/home/mtkw/pico/pico-sdk/src/common/pico_sync/mutex.c.obj
                0x20000108                mutex_enter_block_until
 .time_critical.mutex_try_enter_block_until
                0x20000184       0x34 CMakeFiles/study_gpio.dir/home/mtkw/pico/pico-sdk/src/common/pico_sync/mutex.c.obj
                0x20000184                mutex_try_enter_block_until
 .time_critical.mutex_enter_timeout_ms
                0x200001b8       0x68 CMakeFiles/study_gpio.dir/home/mtkw/pico/pico-sdk/src/common/pico_sync/mutex.c.obj
                0x200001b8                mutex_enter_timeout_ms
 .time_critical.mutex_exit
                0x20000220       0x4c CMakeFiles/study_gpio.dir/home/mtkw/pico/pico-sdk/src/common/pico_sync/mutex.c.obj
                0x20000220                mutex_exit
 .time_critical.flash_init_boot2_copyout
                0x2000026c       0x30 CMakeFiles/study_gpio.dir/home/mtkw/pico/pico-sdk/src/rp2_common/hardware_flash/flash.c.obj
 .time_critical.flash_enable_xip_via_boot2
                0x2000029c       0x10 CMakeFiles/study_gpio.dir/home/mtkw/pico/pico-sdk/src/rp2_common/hardware_flash/flash.c.obj
 .time_critical.flash_cs_force
                0x200002ac       0x28 CMakeFiles/study_gpio.dir/home/mtkw/pico/pico-sdk/src/rp2_common/hardware_flash/flash.c.obj
 .time_critical.flash_do_cmd
                0x200002d4       0xd4 CMakeFiles/study_gpio.dir/home/mtkw/pico/pico-sdk/src/rp2_common/hardware_flash/flash.c.obj
                0x200002d4                flash_do_cmd
 .time_critical.reset_non_control_endpoints
                0x200003a8       0x40 CMakeFiles/study_gpio.dir/home/mtkw/pico/pico-sdk/lib/tinyusb/src/portable/raspberrypi/rp2040/dcd_rp2040.c.obj
 .time_critical.hw_handle_buff_status
                0x200003e8       0xb4 CMakeFiles/study_gpio.dir/home/mtkw/pico/pico-sdk/lib/tinyusb/src/portable/raspberrypi/rp2040/dcd_rp2040.c.obj
 .time_critical.dcd_rp2040_irq
                0x2000049c      0x1e0 CMakeFiles/study_gpio.dir/home/mtkw/pico/pico-sdk/lib/tinyusb/src/portable/raspberrypi/rp2040/dcd_rp2040.c.obj
 .time_critical.e15_is_bulkin_ep
                0x2000067c       0x2c CMakeFiles/study_gpio.dir/home/mtkw/pico/pico-sdk/lib/tinyusb/src/portable/raspberrypi/rp2040/rp2040_usb.c.obj
 .time_critical.e15_is_critical_frame_period
                0x200006a8       0x30 CMakeFiles/study_gpio.dir/home/mtkw/pico/pico-sdk/lib/tinyusb/src/portable/raspberrypi/rp2040/rp2040_usb.c.obj
 .time_critical.prepare_ep_buffer
                0x200006d8       0x70 CMakeFiles/study_gpio.dir/home/mtkw/pico/pico-sdk/lib/tinyusb/src/portable/raspberrypi/rp2040/rp2040_usb.c.obj
 .time_critical.sync_ep_buffer
                0x20000748       0x80 CMakeFiles/study_gpio.dir/home/mtkw/pico/pico-sdk/lib/tinyusb/src/portable/raspberrypi/rp2040/rp2040_usb.c.obj
 .time_critical._hw_endpoint_xfer_sync
                0x200007c8       0x28 CMakeFiles/study_gpio.dir/home/mtkw/pico/pico-sdk/lib/tinyusb/src/portable/raspberrypi/rp2040/rp2040_usb.c.obj
 .time_critical.hw_endpoint_reset_transfer
                0x200007f0        0xc CMakeFiles/study_gpio.dir/home/mtkw/pico/pico-sdk/lib/tinyusb/src/portable/raspberrypi/rp2040/rp2040_usb.c.obj
                0x200007f0                hw_endpoint_reset_transfer
 .time_critical._hw_endpoint_buffer_control_update32
                0x200007fc       0x58 CMakeFiles/study_gpio.dir/home/mtkw/pico/pico-sdk/lib/tinyusb/src/portable/raspberrypi/rp2040/rp2040_usb.c.obj
                0x200007fc                _hw_endpoint_buffer_control_update32
 .time_critical.hw_endpoint_start_next_buffer
                0x20000854       0x84 CMakeFiles/study_gpio.dir/home/mtkw/pico/pico-sdk/lib/tinyusb/src/portable/raspberrypi/rp2040/rp2040_usb.c.obj
                0x20000854                hw_endpoint_start_next_buffer
 .time_critical.hw_endpoint_xfer_continue
                0x200008d8       0x50 CMakeFiles/study_gpio.dir/home/mtkw/pico/pico-sdk/lib/tinyusb/src/portable/raspberrypi/rp2040/rp2040_usb.c.obj
                0x200008d8                hw_endpoint_xfer_continue
 .time_critical.tinyusb
                0x20000928      0x1ec CMakeFiles/study_gpio.dir/home/mtkw/pico/pico-sdk/lib/tinyusb/src/device/usbd.c.obj
                0x20000928                dcd_event_handler
 *(.text*)
 .text          0x20000b14        0x4 /usr/lib/gcc/arm-none-eabi/8.3.1/thumb/v6-m/nofp/libgcc.a(_dvmd_tls.o)
                0x20000b14                __aeabi_ldiv0
                0x20000b14                __aeabi_idiv0
 .text.__stub   0x20000b18       0x90 linker stubs
                0x20000ba8                . = ALIGN (0x4)
 *(.rodata*)
                0x20000ba8                . = ALIGN (0x4)
 *(.data*)
 .data.striped_spin_lock_num
                0x20000ba8        0x1 CMakeFiles/study_gpio.dir/home/mtkw/pico/pico-sdk/src/rp2_common/hardware_sync/sync.c.obj
 *fill*         0x20000ba9        0x3 
 .data          0x20000bac       0x48 CMakeFiles/study_gpio.dir/home/mtkw/pico/pico-sdk/src/rp2_common/hardware_irq/irq_handler_chain.S.obj
                0x20000bac                irq_handler_chain_slots
                0x20000bdc                irq_handler_chain_first_slot
                0x20000be6                irq_handler_chain_remove_tail
 .data.default_alarm_pool
                0x20000bf4       0x18 CMakeFiles/study_gpio.dir/home/mtkw/pico/pico-sdk/src/common/pico_time/time.c.obj
 .data.default_alarm_pool_heap
                0x20000c0c       0x10 CMakeFiles/study_gpio.dir/home/mtkw/pico/pico-sdk/src/common/pico_time/time.c.obj
 *fill*         0x20000c1c        0x4 
 .data.aeabi_bits_funcs
                0x20000c20       0x10 CMakeFiles/study_gpio.dir/home/mtkw/pico/pico-sdk/src/rp2_common/pico_bit_ops/bit_ops_aeabi.S.obj
                0x20000c20                aeabi_bits_funcs
                0x20000c30                aeabi_bits_funcs_end
 .data.aeabi_mem_funcs
                0x20000c30       0x10 CMakeFiles/study_gpio.dir/home/mtkw/pico/pico-sdk/src/rp2_common/pico_mem_ops/mem_ops_aeabi.S.obj
                0x20000c30                aeabi_mem_funcs
                0x20000c40                aeabi_mem_funcs_end
 .data.stdio_usb
                0x20000c40       0x18 CMakeFiles/study_gpio.dir/home/mtkw/pico/pico-sdk/src/rp2_common/pico_stdio_usb/stdio_usb.c.obj
                0x20000c40                stdio_usb
 .data.ep_dir_string
                0x20000c58        0x8 CMakeFiles/study_gpio.dir/home/mtkw/pico/pico-sdk/lib/tinyusb/src/portable/raspberrypi/rp2040/rp2040_usb.c.obj
                0x20000c58                ep_dir_string
 .data._usbd_qdef
                0x20000c60       0x1c CMakeFiles/study_gpio.dir/home/mtkw/pico/pico-sdk/lib/tinyusb/src/device/usbd.c.obj
                0x20000c60                _usbd_qdef
 .data._usbd_rhport
                0x20000c7c        0x1 CMakeFiles/study_gpio.dir/home/mtkw/pico/pico-sdk/lib/tinyusb/src/device/usbd.c.obj
                0x20000c80                . = ALIGN (0x4)
 *fill*         0x20000c7d        0x3 
 *(.after_data.*)
                0x20000c80                . = ALIGN (0x4)
                0x20000c80                PROVIDE (__mutex_array_start = .)
 *(SORT_BY_NAME(.mutex_array.*))
 *(.mutex_array)
 .mutex_array   0x20000c80        0x8 CMakeFiles/study_gpio.dir/home/mtkw/pico/pico-sdk/src/rp2_common/pico_stdio/stdio.c.obj
                0x20000c88                PROVIDE (__mutex_array_end = .)
                0x20000c88                . = ALIGN (0x4)
                0x20000c88                PROVIDE (__preinit_array_start = .)
 *(SORT_BY_NAME(.preinit_array.*))
 .preinit_array.00001
                0x20000c88        0x4 CMakeFiles/study_gpio.dir/home/mtkw/pico/pico-sdk/src/rp2_common/pico_mem_ops/mem_ops_aeabi.S.obj
 .preinit_array.00010
                0x20000c8c        0x4 CMakeFiles/study_gpio.dir/home/mtkw/pico/pico-sdk/src/rp2_common/pico_bit_ops/bit_ops_aeabi.S.obj
 .preinit_array.00020
                0x20000c90        0x4 CMakeFiles/study_gpio.dir/home/mtkw/pico/pico-sdk/src/rp2_common/pico_double/double_aeabi.S.obj
 .preinit_array.00020
                0x20000c94        0x4 CMakeFiles/study_gpio.dir/home/mtkw/pico/pico-sdk/src/rp2_common/pico_float/float_aeabi.S.obj
 *(.preinit_array)
                0x20000c98                PROVIDE (__preinit_array_end = .)
                0x20000c98                . = ALIGN (0x4)
                0x20000c98                PROVIDE (__init_array_start = .)
 *(SORT_BY_NAME(.init_array.*))
 *(.init_array)
 .init_array    0x20000c98        0x4 /usr/lib/gcc/arm-none-eabi/8.3.1/thumb/v6-m/nofp/crtbegin.o
 .init_array    0x20000c9c        0x4 CMakeFiles/study_gpio.dir/home/mtkw/pico/pico-sdk/src/rp2_common/pico_unique_id/unique_id.c.obj
                0x20000ca0                PROVIDE (__init_array_end = .)
                0x20000ca0                . = ALIGN (0x4)
                0x20000ca0                PROVIDE (__fini_array_start = .)
 *(SORT_BY_NAME(.fini_array.*))
 *(.fini_array)
                0x20000ca0                PROVIDE (__fini_array_end = .)
 *(.jcr)
                0x20000ca0                . = ALIGN (0x4)
                0x20000ca0                __data_end__ = .
                0x10008198                __etext = LOADADDR (.data)

.tm_clone_table
                0x20000ca0        0x0 load address 0x10008d78
 .tm_clone_table
                0x20000ca0        0x0 /usr/lib/gcc/arm-none-eabi/8.3.1/thumb/v6-m/nofp/crtbegin.o
 .tm_clone_table
                0x20000ca0        0x0 /usr/lib/gcc/arm-none-eabi/8.3.1/thumb/v6-m/nofp/crtend.o

.igot.plt       0x20000ca0        0x0 load address 0x10008d78
 .igot.plt      0x20000ca0        0x0 /usr/lib/gcc/arm-none-eabi/8.3.1/thumb/v6-m/nofp/crtbegin.o

.uninitialized_data
                0x20000ca0        0x0 load address 0x10008d78
                0x20000ca0                . = ALIGN (0x4)
 *(.uninitialized_data*)

.scratch_x      0x20040000        0x0 load address 0x10008d78
                0x20040000                __scratch_x_start__ = .
 *(.scratch_x.*)
                0x20040000                . = ALIGN (0x4)
                0x20040000                __scratch_x_end__ = .
                0x10008d78                __scratch_x_source__ = LOADADDR (.scratch_x)

.scratch_y      0x20041000        0x0 load address 0x10008d78
                0x20041000                __scratch_y_start__ = .
 *(.scratch_y.*)
                0x20041000                . = ALIGN (0x4)
                0x20041000                __scratch_y_end__ = .
                0x10008d78                __scratch_y_source__ = LOADADDR (.scratch_y)

.bss            0x20000ca0      0xd84
                0x20000ca0                . = ALIGN (0x4)
                0x20000ca0                __bss_start__ = .
 *(SORT_BY_ALIGNMENT(SORT_BY_NAME(.bss*)))
 .bss.default_alarm_pool_entries
                0x20000ca0      0x100 CMakeFiles/study_gpio.dir/home/mtkw/pico/pico-sdk/src/common/pico_time/time.c.obj
 .bss.last_avail_time.7684
                0x20000da0        0x8 CMakeFiles/study_gpio.dir/home/mtkw/pico/pico-sdk/src/rp2_common/pico_stdio_usb/stdio_usb.c.obj
 .bss           0x20000da8       0x1c /usr/lib/gcc/arm-none-eabi/8.3.1/thumb/v6-m/nofp/crtbegin.o
 .bss._app_driver
                0x20000dc4        0x4 CMakeFiles/study_gpio.dir/home/mtkw/pico/pico-sdk/lib/tinyusb/src/device/usbd.c.obj
 .bss._cdcd_itf
                0x20000dc8      0x2c8 CMakeFiles/study_gpio.dir/home/mtkw/pico/pico-sdk/lib/tinyusb/src/class/cdc/cdc_device.c.obj
 .bss._ctrl_xfer
                0x20001090       0x14 CMakeFiles/study_gpio.dir/home/mtkw/pico/pico-sdk/lib/tinyusb/src/device/usbd_control.c.obj
 .bss._ubsd_mutexdef
                0x200010a4        0x8 CMakeFiles/study_gpio.dir/home/mtkw/pico/pico-sdk/lib/tinyusb/src/device/usbd.c.obj
 .bss._usbd_ctrl_buf
                0x200010ac       0x40 CMakeFiles/study_gpio.dir/home/mtkw/pico/pico-sdk/lib/tinyusb/src/device/usbd_control.c.obj
 .bss._usbd_dev
                0x200010ec       0x53 CMakeFiles/study_gpio.dir/home/mtkw/pico/pico-sdk/lib/tinyusb/src/device/usbd.c.obj
 *fill*         0x2000113f        0x1 
 .bss._usbd_mutex
                0x20001140        0x4 CMakeFiles/study_gpio.dir/home/mtkw/pico/pico-sdk/lib/tinyusb/src/device/usbd.c.obj
 .bss._usbd_q   0x20001144        0x4 CMakeFiles/study_gpio.dir/home/mtkw/pico/pico-sdk/lib/tinyusb/src/device/usbd.c.obj
 .bss.alarm_callbacks
                0x20001148       0x10 CMakeFiles/study_gpio.dir/home/mtkw/pico/pico-sdk/src/rp2_common/hardware_timer/timer.c.obj
 .bss.boot2_copyout
                0x20001158      0x100 CMakeFiles/study_gpio.dir/home/mtkw/pico/pico-sdk/src/rp2_common/hardware_flash/flash.c.obj
 .bss.chars_available_callback
                0x20001258        0x4 CMakeFiles/study_gpio.dir/home/mtkw/pico/pico-sdk/src/rp2_common/pico_stdio_usb/stdio_usb.c.obj
 .bss.chars_available_param
                0x2000125c        0x4 CMakeFiles/study_gpio.dir/home/mtkw/pico/pico-sdk/src/rp2_common/pico_stdio_usb/stdio_usb.c.obj
 .bss.claimed   0x20001260        0x4 CMakeFiles/study_gpio.dir/home/mtkw/pico/pico-sdk/src/rp2_common/hardware_sync/sync.c.obj
 .bss.configured_freq
                0x20001264       0x28 CMakeFiles/study_gpio.dir/home/mtkw/pico/pico-sdk/src/rp2_common/hardware_clocks/clocks.c.obj
 .bss.default_alarm_pool_entry_ids_high
                0x2000128c       0x10 CMakeFiles/study_gpio.dir/home/mtkw/pico/pico-sdk/src/common/pico_time/time.c.obj
 .bss.default_alarm_pool_heap_nodes
                0x2000129c       0x30 CMakeFiles/study_gpio.dir/home/mtkw/pico/pico-sdk/src/common/pico_time/time.c.obj
 .bss.desc_str.7475
                0x200012cc       0x28 CMakeFiles/study_gpio.dir/home/mtkw/pico/pico-sdk/src/rp2_common/pico_stdio_usb/stdio_usb_descriptors.c.obj
 .bss.drivers   0x200012f4        0x4 CMakeFiles/study_gpio.dir/home/mtkw/pico/pico-sdk/src/rp2_common/pico_stdio/stdio.c.obj
 .bss.e15_last_sof
                0x200012f8        0x4 CMakeFiles/study_gpio.dir/home/mtkw/pico/pico-sdk/lib/tinyusb/src/portable/raspberrypi/rp2040/rp2040_usb.c.obj
                0x200012f8                e15_last_sof
 .bss.filter    0x200012fc        0x4 CMakeFiles/study_gpio.dir/home/mtkw/pico/pico-sdk/src/rp2_common/pico_stdio/stdio.c.obj
 .bss.hw_endpoints
                0x20001300      0x400 CMakeFiles/study_gpio.dir/home/mtkw/pico/pico-sdk/lib/tinyusb/src/portable/raspberrypi/rp2040/dcd_rp2040.c.obj
 .bss.load_value
                0x20001700        0x4 CMakeFiles/study_gpio.dir/home/mtkw/pico/pico-sdk/src/rp2_common/hardware_watchdog/watchdog.c.obj
 .bss.next_buffer_ptr
                0x20001704        0x4 CMakeFiles/study_gpio.dir/home/mtkw/pico/pico-sdk/lib/tinyusb/src/portable/raspberrypi/rp2040/dcd_rp2040.c.obj
 .bss.one_shot_timer_crit_sec
                0x20001708        0x8 CMakeFiles/study_gpio.dir/home/mtkw/pico/pico-sdk/src/rp2_common/pico_stdio_usb/stdio_usb.c.obj
 .bss.pools     0x20001710       0x10 CMakeFiles/study_gpio.dir/home/mtkw/pico/pico-sdk/src/common/pico_time/time.c.obj
 .bss.retrieved_id
                0x20001720        0x8 CMakeFiles/study_gpio.dir/home/mtkw/pico/pico-sdk/src/rp2_common/pico_unique_id/unique_id.c.obj
 .bss.sf_clz_func
                0x20001728        0x4 CMakeFiles/study_gpio.dir/home/mtkw/pico/pico-sdk/src/rp2_common/pico_double/double_init_rom.c.obj
                0x20001728                sf_clz_func
 .bss.sleep_notifier
                0x2000172c        0x4 CMakeFiles/study_gpio.dir/home/mtkw/pico/pico-sdk/src/common/pico_time/time.c.obj
 .bss.stdio_usb_mutex
                0x20001730        0x8 CMakeFiles/study_gpio.dir/home/mtkw/pico/pico-sdk/src/rp2_common/pico_stdio_usb/stdio_usb.c.obj
 .bss.target_hi
                0x20001738       0x10 CMakeFiles/study_gpio.dir/home/mtkw/pico/pico-sdk/src/rp2_common/hardware_timer/timer.c.obj
 .bss.usbd_serial_str
                0x20001748       0x11 CMakeFiles/study_gpio.dir/home/mtkw/pico/pico-sdk/src/rp2_common/pico_stdio_usb/stdio_usb_descriptors.c.obj
 .bss._app_driver_count
                0x20001759        0x1 CMakeFiles/study_gpio.dir/home/mtkw/pico/pico-sdk/lib/tinyusb/src/device/usbd.c.obj
 .bss._sof_enable
                0x2000175a        0x1 CMakeFiles/study_gpio.dir/home/mtkw/pico/pico-sdk/lib/tinyusb/src/portable/raspberrypi/rp2040/dcd_rp2040.c.obj
 .bss.boot2_copyout_valid
                0x2000175b        0x1 CMakeFiles/study_gpio.dir/home/mtkw/pico/pico-sdk/src/rp2_common/hardware_flash/flash.c.obj
 .bss.claimed   0x2000175c        0x1 CMakeFiles/study_gpio.dir/home/mtkw/pico/pico-sdk/src/rp2_common/hardware_timer/timer.c.obj
 .bss.irq_hander_chain_free_slot_head
                0x2000175d        0x1 CMakeFiles/study_gpio.dir/home/mtkw/pico/pico-sdk/src/rp2_common/hardware_irq/irq.c.obj
 .bss.itf_num   0x2000175e        0x1 CMakeFiles/study_gpio.dir/home/mtkw/pico/pico-sdk/src/rp2_common/pico_stdio_usb/reset_interface.c.obj
 .bss.low_priority_irq_num
                0x2000175f        0x1 CMakeFiles/study_gpio.dir/home/mtkw/pico/pico-sdk/src/rp2_common/pico_stdio_usb/stdio_usb.c.obj
 .bss.one_shot_timer_pending
                0x20001760        0x1 CMakeFiles/study_gpio.dir/home/mtkw/pico/pico-sdk/src/rp2_common/pico_stdio_usb/stdio_usb.c.obj
 .bss.timer_callbacks_pending
                0x20001761        0x1 CMakeFiles/study_gpio.dir/home/mtkw/pico/pico-sdk/src/rp2_common/hardware_timer/timer.c.obj
 .bss.user_irq_claimed
                0x20001762        0x1 CMakeFiles/study_gpio.dir/home/mtkw/pico/pico-sdk/src/rp2_common/hardware_irq/irq.c.obj
 *(COMMON)
 *fill*         0x20001763        0x1 
 COMMON         0x20001764      0x100 CMakeFiles/study_gpio.dir/home/mtkw/pico/pico-sdk/src/rp2_common/pico_double/double_init_rom.c.obj
                0x20001764                sd_table
 COMMON         0x20001864      0x100 CMakeFiles/study_gpio.dir/home/mtkw/pico/pico-sdk/src/rp2_common/pico_float/float_init_rom.c.obj
                0x20001864                sf_table
 COMMON         0x20001964       0xc0 CMakeFiles/study_gpio.dir/home/mtkw/pico/pico-sdk/lib/tinyusb/src/device/usbd.c.obj
                0x20001964                _usbd_qdef_buf
                0x20001a24                . = ALIGN (0x4)
                0x20001a24                __bss_end__ = .

.heap           0x20001a24      0x800
                0x20001a24                __end__ = .
                0x20001a24                end = __end__
 *(.heap*)
 .heap          0x20001a24      0x800 CMakeFiles/study_gpio.dir/home/mtkw/pico/pico-sdk/src/rp2_common/pico_standard_link/crt0.S.obj